ARM Linker, 4.1 [Build 894] [Standard]

==============================================================================

Section Cross References

    main.o(.text) refers to stm32f4xx_rcc.o(.text) for RCC_GetClocksFreq
    main.o(.text) refers to pwm.o(.text) for PWM_init
    main.o(.text) refers to stm32f4_lcd.o(.text) for STM324xG_LCD_Init
    main.o(.text) refers to misc.o(.text) for NVIC_PriorityGroupConfig
    main.o(.text) refers to encoder.o(.text) for Encoder_init
    main.o(.text) refers to usart.o(.text) for usart_init
    main.o(.text) refers to imu_adis16xxx.o(.text) for IMU_init
    main.o(.text) refers to key.o(.text) for get_mode
    main.o(.text) refers to ad.o(.text) for AD_Init
    main.o(.text) refers to gps.o(.text) for GPS_int
    main.o(.text) refers to timer.o(.text) for TIM2_Configuration
    main.o(.text) refers to printfa.o(i.__0printf) for __2printf
    main.o(.text) refers to display.o(.text) for lcd_refresh
    main.o(.text) refers to timer.o(.data) for LCD_flag
    main.o(.text) refers to main.o(.data) for TimingDelay
    stm32f4xx_it.o(.text) refers to main.o(.text) for TimingDelay_Decrement
    system_stm32f4xx.o(.text) refers to system_stm32f4xx.o(.data) for SystemCoreClock
    stm32f4xx_adc.o(.text) refers to stm32f4xx_rcc.o(.text) for RCC_APB2PeriphResetCmd
    stm32f4xx_can.o(.text) refers to stm32f4xx_rcc.o(.text) for RCC_APB1PeriphResetCmd
    stm32f4xx_cryp.o(.text) refers to stm32f4xx_rcc.o(.text) for RCC_AHB2PeriphResetCmd
    stm32f4xx_cryp_aes.o(.text) refers to stm32f4xx_cryp.o(.text) for CRYP_KeyStructInit
    stm32f4xx_cryp_des.o(.text) refers to stm32f4xx_cryp.o(.text) for CRYP_KeyStructInit
    stm32f4xx_cryp_tdes.o(.text) refers to stm32f4xx_cryp.o(.text) for CRYP_KeyStructInit
    stm32f4xx_dac.o(.text) refers to stm32f4xx_rcc.o(.text) for RCC_APB1PeriphResetCmd
    stm32f4xx_gpio.o(.text) refers to stm32f4xx_rcc.o(.text) for RCC_AHB1PeriphResetCmd
    stm32f4xx_hash.o(.text) refers to stm32f4xx_rcc.o(.text) for RCC_AHB2PeriphResetCmd
    stm32f4xx_hash_md5.o(.text) refers to stm32f4xx_hash.o(.text) for HASH_DeInit
    stm32f4xx_hash_sha1.o(.text) refers to stm32f4xx_hash.o(.text) for HASH_DeInit
    stm32f4xx_i2c.o(.text) refers to stm32f4xx_rcc.o(.text) for RCC_APB1PeriphResetCmd
    stm32f4xx_pwr.o(.text) refers to stm32f4xx_rcc.o(.text) for RCC_APB1PeriphResetCmd
    stm32f4xx_rcc.o(.text) refers to stm32f4xx_rcc.o(.data) for APBAHBPrescTable
    stm32f4xx_rng.o(.text) refers to stm32f4xx_rcc.o(.text) for RCC_AHB2PeriphResetCmd
    stm32f4xx_sdio.o(.text) refers to stm32f4xx_rcc.o(.text) for RCC_APB2PeriphResetCmd
    stm32f4xx_spi.o(.text) refers to stm32f4xx_rcc.o(.text) for RCC_APB2PeriphResetCmd
    stm32f4xx_syscfg.o(.text) refers to stm32f4xx_rcc.o(.text) for RCC_APB2PeriphResetCmd
    stm32f4xx_tim.o(.text) refers to stm32f4xx_rcc.o(.text) for RCC_APB2PeriphResetCmd
    stm32f4xx_usart.o(.text) refers to stm32f4xx_rcc.o(.text) for RCC_APB2PeriphResetCmd
    stm32f4xx_wwdg.o(.text) refers to stm32f4xx_rcc.o(.text) for RCC_APB1PeriphResetCmd
    startup_stm32f4xx.o(RESET) refers to startup_stm32f4xx.o(STACK) for __initial_sp
    startup_stm32f4xx.o(RESET) refers to startup_stm32f4xx.o(.text) for Reset_Handler
    startup_stm32f4xx.o(RESET) refers to stm32f4xx_it.o(.text) for NMI_Handler
    startup_stm32f4xx.o(RESET) refers to imu_adis16xxx.o(.text) for EXTI4_IRQHandler
    startup_stm32f4xx.o(RESET) refers to key.o(.text) for EXTI9_5_IRQHandler
    startup_stm32f4xx.o(RESET) refers to timer.o(.text) for TIM2_IRQHandler
    startup_stm32f4xx.o(RESET) refers to gps.o(.text) for USART1_IRQHandler
    startup_stm32f4xx.o(RESET) refers to usart.o(.text) for USART2_IRQHandler
    startup_stm32f4xx.o(.text) refers to system_stm32f4xx.o(.text) for SystemInit
    startup_stm32f4xx.o(.text) refers to entry.o(.ARM.Collect$$$$00000000) for __main
    ad.o(.text) refers to stm32f4xx_adc.o(.text) for ADC_SoftwareStartConv
    ad.o(.text) refers to stm32f4xx_rcc.o(.text) for RCC_AHB1PeriphClockCmd
    ad.o(.text) refers to stm32f4xx_gpio.o(.text) for GPIO_Init
    control.o(.text) refers to pwm.o(.text) for PWM_servo_set
    control.o(.text) refers to control.o(.data) for angle
    display.o(.text) refers to ad.o(.text) for Get_Voltage
    display.o(.text) refers to dfltui.o(.text) for __aeabi_ui2d
    display.o(.text) refers to ddiv.o(.text) for __aeabi_ddiv
    display.o(.text) refers to d2f.o(.text) for __aeabi_d2f
    display.o(.text) refers to f2d.o(.text) for __aeabi_f2d
    display.o(.text) refers to printfa.o(i.__0sprintf) for __2sprintf
    display.o(.text) refers to stm32f4_lcd.o(.text) for LCD_GetFont
    display.o(.text) refers to encoder.o(.data) for velocity
    display.o(.text) refers to locate.o(.data) for point_now
    display.o(.text) refers to imu_adis16xxx.o(.data) for az
    display.o(.text) refers to gps.o(.bss) for GPSMsg
    display.o(.text) refers to control.o(.data) for Dire
    display.o(.text) refers to key.o(.data) for PWM_set
[...]
    .text                                    0x08004bdc   Section        0  stm32f4_lcd.o(.text)
    delay                                    0x08004dff   Thumb Code    20  stm32f4_lcd.o(.text)
    PutPixel                                 0x08005653   Thumb Code    42  stm32f4_lcd.o(.text)
    LCD_PolyLineRelativeClosed               0x080057d3   Thumb Code   106  stm32f4_lcd.o(.text)
    .text                                    0x08005b50   Section        0  usart.o(.text)
    .text                                    0x08005d78   Section        0  timer.o(.text)
    .text                                    0x08005ea8   Section        0  memcpya.o(.text)
    .text                                    0x08005ecc   Section        0  __0sscanf.o(.text)
    .text                                    0x08005f04   Section        0  _scanf_int.o(.text)
    .text                                    0x08006054   Section        0  dadd.o(.text)
    .text                                    0x080061a0   Section        0  dmul.o(.text)
    .text                                    0x08006280   Section        0  ddiv.o(.text)
    .text                                    0x0800635e   Section        0  dflti.o(.text)
    .text                                    0x08006380   Section        0  dfltui.o(.text)
    .text                                    0x0800639a   Section        0  f2d.o(.text)
    .text                                    0x080063c8   Section       40  cdcmple.o(.text)
    .text                                    0x080063f0   Section       40  cdrcmple.o(.text)
    .text                                    0x08006418   Section        0  d2f.o(.text)
    .text                                    0x08006450   Section        0  uidiv.o(.text)
    .text                                    0x0800647c   Section        0  uldiv.o(.text)
    .text                                    0x080064de   Section        0  llshl.o(.text)
    .text                                    0x080064fc   Section        0  llsshr.o(.text)
    .text                                    0x08006520   Section        0  _chval.o(.text)
    .text                                    0x0800653c   Section        0  scanf_char.o(.text)
    _scanf_char_input                        0x0800653d   Thumb Code    12  scanf_char.o(.text)
    .text                                    0x08006568   Section        0  _sgetc.o(.text)
    .text                                    0x080065a8   Section        0  iusefp.o(.text)
    .text                                    0x080065a8   Section        0  fepilogue.o(.text)
    .text                                    0x08006614   Section        0  depilogue.o(.text)
    .text                                    0x080066d2   Section        0  dsqrt.o(.text)
    .text                                    0x08006774   Section        0  dfixul.o(.text)
    .text                                    0x080067a4   Section       36  init.o(.text)
    .text                                    0x080067c8   Section        0  llushr.o(.text)
    .text                                    0x080067e8   Section        0  isspace_c.o(.text)
    .text                                    0x080067f4   Section        0  _scanf.o(.text)
    .text                                    0x08006b18   Section        0  dfixi.o(.text)
    .text                                    0x08006b58   Section        0  ctype_c.o(.text)
    i.__0printf                              0x08006b80   Section        0  printfa.o(i.__0printf)
    i.__0sprintf                             0x08006ba0   Section        0  printfa.o(i.__0sprintf)
    i.__ARM_fpclassify                       0x08006bc8   Section        0  fpclassify.o(i.__ARM_fpclassify)
    i.__hardfp_asin                          0x08006bf8   Section        0  asin.o(i.__hardfp_asin)
    i.__hardfp_atan                          0x08006f68   Section        0  atan.o(i.__hardfp_atan)
    i.__hardfp_atan2                         0x08007250   Section        0  atan2.o(i.__hardfp_atan2)
    i.__hardfp_cos                           0x08007438   Section        0  cos.o(i.__hardfp_cos)
    i.__hardfp_sin                           0x08007510   Section        0  sin.o(i.__hardfp_sin)
    i.__hardfp_sqrt                          0x080075e8   Section        0  sqrt.o(i.__hardfp_sqrt)
    i.__ieee754_rem_pio2                     0x08007660   Section        0  rred.o(i.__ieee754_rem_pio2)
    i.__kernel_cos                           0x08007ab0   Section        0  cos_i.o(i.__kernel_cos)
    i.__kernel_poly                          0x08007c20   Section        0  poly.o(i.__kernel_poly)
    i.__kernel_sin                           0x08007d18   Section        0  sin_i.o(i.__kernel_sin)
    i.__mathlib_dbl_underflow                0x08007e48   Section        0  dunder.o(i.__mathlib_dbl_underflow)
    i.__scatterload_copy                     0x08007e68   Section       14  handlers.o(i.__scatterload_copy)
    i.__scatterload_null                     0x08007e76   Section        2  handlers.o(i.__scatterload_null)
    i.__scatterload_zeroinit                 0x08007e78   Section       14  handlers.o(i.__scatterload_zeroinit)
    i.__set_errno                            0x08007e88   Section        0  errno.o(i.__set_errno)
    i._fp_digits                             0x08007e94   Section        0  printfa.o(i._fp_digits)
    _fp_digits                               0x08007e95   Thumb Code   324  printfa.o(i._fp_digits)
    i._printf_core                           0x08007fec   Section        0  printfa.o(i._printf_core)
    _printf_core                             0x08007fed   Thumb Code  1782  printfa.o(i._printf_core)
    i._printf_post_padding                   0x080086f0   Section        0  printfa.o(i._printf_post_padding)
    _printf_post_padding                     0x080086f1   Thumb Code    38  printfa.o(i._printf_post_padding)
    i._printf_pre_padding                    0x08008716   Section        0  printfa.o(i._printf_pre_padding)
    _printf_pre_padding                      0x08008717   Thumb Code    48  printfa.o(i._printf_pre_padding)
    i._sputc                                 0x08008746   Section        0  printfa.o(i._sputc)
    _sputc                                   0x08008747   Thumb Code    10  printfa.o(i._sputc)
    i.atan                                   0x08008750   Section        0  atan.o(i.atan)
    i.fabs                                   0x08008760   Section        0  fabs.o(i.fabs)
    i.sqrt                                   0x08008780   Section        0  sqrt.o(i.sqrt)
    .constdata                               0x080087ec   Section    10704  stm32f4_lcd.o(.constdata)
    .constdata                               0x0800b1c0   Section       80  asin.o(.constdata)
    pS                                       0x0800b1c0   Data          48  asin.o(.constdata)
    qS                                       0x0800b1f0   Data          32  asin.o(.constdata)
    .constdata                               0x0800b210   Section      152  atan.o(.constdata)
    atanhi                                   0x0800b210   Data          32  atan.o(.constdata)
    atanlo                                   0x0800b230   Data          32  atan.o(.constdata)
    aTodd                                    0x0800b250   Data          40  atan.o(.constdata)
    aTeven                                   0x0800b278   Data          48  atan.o(.constdata)
    .constdata                               0x0800b2a8   Section       48  cos_i.o(.constdata)
    C                                        0x0800b2a8   Data          48  cos_i.o(.constdata)
    .constdata                               0x0800b2d8   Section        8  qnan.o(.constdata)
    .constdata                               0x0800b2e0   Section      200  rred.o(.constdata)
    pio2s                                    0x0800b2e0   Data          48  rred.o(.constdata)
    twooverpi                                0x0800b310   Data         152  rred.o(.constdata)
    .constdata                               0x0800b3a8   Section       40  sin_i.o(.constdata)
    S                                        0x0800b3a8   Data          40  sin_i.o(.constdata)
    .constdata                               0x0800b3d0   Section       64  ctype_c.o(.constdata)
    .data                                    0x20000000   Section        4  main.o(.data)
    TimingDelay                              0x20000000   Data           4  main.o(.data)
    .data                                    0x20000004   Section       20  system_stm32f4xx.o(.data)
    .data                                    0x20000018   Section       16  stm32f4xx_rcc.o(.data)
    APBAHBPrescTable                         0x20000018   Data          16  stm32f4xx_rcc.o(.data)
    .data                                    0x20000028   Section       24  control.o(.data)
    .data                                    0x20000040   Section        4  encoder.o(.data)
    .data                                    0x20000044   Section        3  gps.o(.data)
    .data                                    0x20000048   Section       36  imu_adis16xxx.o(.data)
    .data                                    0x2000006c   Section        2  key.o(.data)
    .data                                    0x20000070   Section        8  locate.o(.data)
    .data                                    0x20000078   Section       36  mahonyahrs.o(.data)
    .data                                    0x2000009c   Section       40  stm32f4_lcd.o(.data)
    TextColor                                0x200000bc   Data           2  stm32f4_lcd.o(.data)
    BackColor                                0x200000be   Data           2  stm32f4_lcd.o(.data)
    LCD_Currentfonts                         0x200000c0   Data           4  stm32f4_lcd.o(.data)
    .data                                    0x200000c4   Section        2  usart.o(.data)
    .data                                    0x200000c6   Section        7  timer.o(.data)
    .data                                    0x200000d0   Section        4  stdout.o(.data)
    .data                                    0x200000d4   Section        4  errno.o(.data)
    _errno                                   0x200000d4   Data           4  errno.o(.data)
    .bss                                     0x200000d8   Section      296  gps.o(.bss)
    .bss                                     0x20000200   Section       30  imu_adis16xxx.o(.bss)
    .bss                                     0x20000220   Section       20  pwm.o(.bss)
    .bss                                     0x20000234   Section       20  usart.o(.bss)
    STACK                                    0x20000248   Section     1024  startup_stm32f4xx.o(STACK)

    Global Symbols

    Symbol Name                              Value     Ov Type        Size  Object(Section)

    BuildAttributes$$THM_ISAv4$E$P$D$K$B$S$7EM$VFPi3$EXTD16$VFPS$VFMA$PE$A:L22UL41UL21$X:L11$S22US41US21$IEEE1$IW$USESV6$~STKCKD$USESV7$~SHL$OTIME$ROPI$IEEEX$EBA8$MICROLIB$REQ8$PRES8$EABIv2 0x00000000   Number         0  anon$$obj.o ABSOLUTE
    __ARM_use_no_argv                        0x00000000   Number         0  main.o ABSOLUTE
    _printf_a                                0x00000000   Number         0  stubs.o ABSOLUTE
    _printf_c                                0x00000000   Number         0  stubs.o ABSOLUTE
    _printf_charcount                        0x00000000   Number         0  stubs.o ABSOLUTE
    _printf_d                                0x00000000   Number         0  stubs.o ABSOLUTE
    _printf_e                                0x00000000   Number         0  stubs.o ABSOLUTE
    _printf_f                                0x00000000   Number         0  stubs.o ABSOLUTE
    _printf_flags                            0x00000000   Number         0  stubs.o ABSOLUTE
    _printf_fp_dec                           0x00000000   Number         0  stubs.o ABSOLUTE
    _printf_fp_hex                           0x00000000   Number         0  stubs.o ABSOLUTE
    _printf_g                                0x00000000   Number         0  stubs.o ABSOLUTE
    _printf_i                                0x00000000   Number         0  stubs.o ABSOLUTE
    _printf_int_dec                          0x00000000   Number         0  stubs.o ABSOLUTE
    _printf_l                                0x00000000   Number         0  stubs.o ABSOLUTE
    _printf_lc                               0x00000000   Number         0  stubs.o ABSOLUTE
    _printf_ll                               0x00000000   Number         0  stubs.o ABSOLUTE
    _printf_lld                              0x00000000   Number         0  stubs.o ABSOLUTE
    _printf_lli                              0x00000000   Number         0  stubs.o ABSOLUTE
    _printf_llo                              0x00000000   Number         0  stubs.o ABSOLUTE
    _printf_llu                              0x00000000   Number         0  stubs.o ABSOLUTE
    _printf_llx                              0x00000000   Number         0  stubs.o ABSOLUTE
    _printf_longlong_dec                     0x00000000   Number         0  stubs.o ABSOLUTE
    _printf_longlong_hex                     0x00000000   Number         0  stubs.o ABSOLUTE
    _printf_longlong_oct                     0x00000000   Number         0  stubs.o ABSOLUTE
    _printf_ls                               0x00000000   Number         0  stubs.o ABSOLUTE
    _printf_mbtowc                           0x00000000   Number         0  stubs.o ABSOLUTE
    _printf_n                                0x00000000   Number         0  stubs.o ABSOLUTE
    _printf_o                                0x00000000   Number         0  stubs.o ABSOLUTE
    _printf_p                                0x00000000   Number         0  stubs.o ABSOLUTE
    _printf_percent                          0x00000000   Number         0  stubs.o ABSOLUTE
    _printf_pre_padding                      0x00000000   Number         0  stubs.o ABSOLUTE
    _printf_return_value                     0x00000000   Number         0  stubs.o ABSOLUTE
    _printf_s                                0x00000000   Number         0  stubs.o ABSOLUTE
    _printf_sizespec                         0x00000000   Number         0  stubs.o ABSOLUTE
    _printf_str                              0x00000000   Number         0  stubs.o ABSOLUTE
    _printf_truncate_signed                  0x00000000   Number         0  stubs.o ABSOLUTE
    _printf_truncate_unsigned                0x00000000   Number         0  stubs.o ABSOLUTE
    _printf_u                                0x00000000   Number         0  stubs.o ABSOLUTE
    _printf_wc                               0x00000000   Number         0  stubs.o ABSOLUTE
    _printf_wctomb                           0x00000000   Number         0  stubs.o ABSOLUTE
    _printf_widthprec                        0x00000000   Number         0  stubs.o ABSOLUTE
    _printf_x                                0x00000000   Number         0  stubs.o ABSOLUTE
    __decompress                              - Undefined Weak Reference
    _clock_init                               - Undefined Weak Reference
    _scanf_longlong                           - Undefined Weak Reference
    _scanf_real                               - Undefined Weak Reference
    _scanf_string                             - Undefined Weak Reference
    __Vectors_Size                           0x00000188   Number         0  startup_stm32f4xx.o ABSOLUTE
    __Vectors                                0x08000000   Data           4  startup_stm32f4xx.o(RESET)
    __Vectors_End                            0x08000188   Data           0  startup_stm32f4xx.o(RESET)
    __main                                   0x08000189   Thumb Code     0  entry.o(.ARM.Collect$$$$00000000)
    _main_stk                                0x08000189   Thumb Code     0  entry2.o(.ARM.Collect$$$$00000001)
    _main_scatterload                        0x0800018d   Thumb Code     0  entry5.o(.ARM.Collect$$$$00000004)
    __main_after_scatterload                 0x08000191   Thumb Code     0  entry5.o(.ARM.Collect$$$$00000004)
    _main_clock                              0x08000191   Thumb Code     0  entry7b.o(.ARM.Collect$$$$00000008)
    _main_init                               0x08000191   Thumb Code     0  entry8.o(.ARM.Collect$$$$00000009)
    main                                     0x0800019d   Thumb Code   200  main.o(.text)
    Delay                                    0x08000265   Thumb Code    16  main.o(.text)
    TimingDelay_Decrement                    0x08000275   Thumb Code    18  main.o(.text)
    recev_ultrasonic                         0x08000287   Thumb Code     2  main.o(.text)
    ddelay                                   0x08000289   Thumb Code    26  main.o(.text)
    NMI_Handler                              0x080002e5   Thumb Code     2  stm32f4xx_it.o(.text)
    HardFault_Handler                        0x080002e7   Thumb Code     4  stm32f4xx_it.o(.text)
    MemManage_Handler                        0x080002eb   Thumb Code     4  stm32f4xx_it.o(.text)
    BusFault_Handler                         0x080002ef   Thumb Code     4  stm32f4xx_it.o(.text)
    UsageFault_Handler                       0x080002f3   Thumb Code     4  stm32f4xx_it.o(.text)
    SVC_Handler                              0x080002f7   Thumb Code     2  stm32f4xx_it.o(.text)
    DebugMon_Handler                         0x080002f9   Thumb Code     2  stm32f4xx_it.o(.text)
    PendSV_Handler                           0x080002fb   Thumb Code     2  stm32f4xx_it.o(.text)
    SysTick_Handler                          0x080002fd   Thumb Code     8  stm32f4xx_it.o(.text)
    USART3_IRQHandler                        0x08000305   Thumb Code     8  stm32f4xx_it.o(.text)
    SystemInit                               0x080003d3   Thumb Code    88  system_stm32f4xx.o(.text)
    SystemCoreClockUpdate                    0x0800042b   Thumb Code   178  system_stm32f4xx.o(.text)
    NVIC_PriorityGroupConfig                 0x08000509   Thumb Code    10  misc.o(.text)
    NVIC_Init                                0x08000513   Thumb Code   108  misc.o(.text)
    NVIC_SetVectorTable                      0x0800057f   Thumb Code    14  misc.o(.text)
    NVIC_SystemLPConfig                      0x0800058d   Thumb Code    34  misc.o(.text)
    SysTick_CLKSourceConfig                  0x080005af   Thumb Code    40  misc.o(.text)
    ADC_DeInit                               0x080005ed   Thumb Code    22  stm32f4xx_adc.o(.text)
    ADC_Init                                 0x08000603   Thumb Code    74  stm32f4xx_adc.o(.text)
    ADC_StructInit                           0x0800064d   Thumb Code    20  stm32f4xx_adc.o(.text)
    ADC_CommonInit                           0x08000661   Thumb Code    44  stm32f4xx_adc.o(.text)
    ADC_CommonStructInit                     0x0800068d   Thumb Code    12  stm32f4xx_adc.o(.text)
    ADC_Cmd                                  0x08000699   Thumb Code    22  stm32f4xx_adc.o(.text)
    ADC_AnalogWatchdogCmd                    0x080006af   Thumb Code    16  stm32f4xx_adc.o(.text)
    ADC_AnalogWatchdogThresholdsConfig       0x080006bf   Thumb Code     6  stm32f4xx_adc.o(.text)
    ADC_AnalogWatchdogSingleChannelConfig    0x080006c5   Thumb Code    16  stm32f4xx_adc.o(.text)
    ADC_TempSensorVrefintCmd                 0x080006d5   Thumb Code    34  stm32f4xx_adc.o(.text)
    ADC_VBATCmd                              0x080006f7   Thumb Code    34  stm32f4xx_adc.o(.text)
    ADC_RegularChannelConfig                 0x08000719   Thumb Code   186  stm32f4xx_adc.o(.text)
    ADC_SoftwareStartConv                    0x080007d3   Thumb Code    10  stm32f4xx_adc.o(.text)
    ADC_GetSoftwareStartConvStatus           0x080007dd   Thumb Code    20  stm32f4xx_adc.o(.text)
    ADC_EOCOnEachRegularChannelCmd           0x080007f1   Thumb Code    22  stm32f4xx_adc.o(.text)
    ADC_ContinuousModeCmd                    0x08000807   Thumb Code    22  stm32f4xx_adc.o(.text)
    ADC_DiscModeChannelCountConfig           0x0800081d   Thumb Code    24  stm32f4xx_adc.o(.text)
    ADC_DiscModeCmd                          0x08000835   Thumb Code    22  stm32f4xx_adc.o(.text)
    ADC_GetConversionValue                   0x0800084b   Thumb Code     8  stm32f4xx_adc.o(.text)
    ADC_GetMultiModeConversionValue          0x08000853   Thumb Code     6  stm32f4xx_adc.o(.text)
    ADC_DMACmd                               0x08000859   Thumb Code    22  stm32f4xx_adc.o(.text)
    ADC_DMARequestAfterLastTransferCmd       0x0800086f   Thumb Code    22  stm32f4xx_adc.o(.text)
    ADC_MultiModeDMARequestAfterLastTransferCmd 0x08000885   Thumb Code    34  stm32f4xx_adc.o(.text)
    ADC_InjectedChannelConfig                0x080008a7   Thumb Code   126  stm32f4xx_adc.o(.text)
    ADC_InjectedSequencerLengthConfig        0x08000925   Thumb Code    24  stm32f4xx_adc.o(.text)
    ADC_SetInjectedOffset                    0x0800093d   Thumb Code    12  stm32f4xx_adc.o(.text)
    ADC_ExternalTrigInjectedConvConfig       0x08000949   Thumb Code    16  stm32f4xx_adc.o(.text)
    ADC_ExternalTrigInjectedConvEdgeConfig   0x08000959   Thumb Code    16  stm32f4xx_adc.o(.text)
    ADC_SoftwareStartInjectedConv            0x08000969   Thumb Code    10  stm32f4xx_adc.o(.text)
    ADC_GetSoftwareStartInjectedConvCmdStatus 0x08000973   Thumb Code    20  stm32f4xx_adc.o(.text)
    ADC_AutoInjectedConvCmd                  0x08000987   Thumb Code    22  stm32f4xx_adc.o(.text)
    ADC_InjectedDiscModeCmd                  0x0800099d   Thumb Code    22  stm32f4xx_adc.o(.text)
    ADC_GetInjectedConversionValue           0x080009b3   Thumb Code    18  stm32f4xx_adc.o(.text)
    ADC_ITConfig                             0x080009c5   Thumb Code    32  stm32f4xx_adc.o(.text)
    ADC_GetFlagStatus                        0x080009e5   Thumb Code    48  stm32f4xx_adc.o(.text)
    ADC_ClearFlag                            0x08000a15   Thumb Code     6  stm32f4xx_adc.o(.text)
    ADC_GetITStatus                          0x08000a1b   Thumb Code    42  stm32f4xx_adc.o(.text)
    ADC_ClearITPendingBit                    0x08000a45   Thumb Code    10  stm32f4xx_adc.o(.text)
    EXTI_DeInit                              0x08000a51   Thumb Code    28  stm32f4xx_exti.o(.text)
    EXTI_Init                                0x08000a6d   Thumb Code   142  stm32f4xx_exti.o(.text)
    EXTI_StructInit                          0x08000afb   Thumb Code    16  stm32f4xx_exti.o(.text)
    EXTI_GenerateSWInterrupt                 0x08000b0b   Thumb Code    16  stm32f4xx_exti.o(.text)
    EXTI_GetFlagStatus                       0x08000b1b   Thumb Code    22  stm32f4xx_exti.o(.text)
    EXTI_ClearFlag                           0x08000b31   Thumb Code     8  stm32f4xx_exti.o(.text)
    EXTI_GetITStatus                         0x08000b39   Thumb Code    34  stm32f4xx_exti.o(.text)
    EXTI_ClearITPendingBit                   0x08000b5b   Thumb Code     8  stm32f4xx_exti.o(.text)
    FSMC_NORSRAMDeInit                       0x08000b6d   Thumb Code    56  stm32f4xx_fsmc.o(.text)
    FSMC_NORSRAMInit                         0x08000ba5   Thumb Code   224  stm32f4xx_fsmc.o(.text)
    FSMC_NORSRAMStructInit                   0x08000c85   Thumb Code   114  stm32f4xx_fsmc.o(.text)
    FSMC_NORSRAMCmd                          0x08000cf7   Thumb Code    46  stm32f4xx_fsmc.o(.text)
    FSMC_NANDDeInit                          0x08000d25   Thumb Code    62  stm32f4xx_fsmc.o(.text)
    FSMC_NANDInit                            0x08000d63   Thumb Code   130  stm32f4xx_fsmc.o(.text)
    FSMC_NANDStructInit                      0x08000de5   Thumb Code    54  stm32f4xx_fsmc.o(.text)
    FSMC_NANDCmd                             0x08000e1b   Thumb Code    86  stm32f4xx_fsmc.o(.text)
    FSMC_NANDECCCmd                          0x08000e71   Thumb Code    86  stm32f4xx_fsmc.o(.text)
    FSMC_GetECC                              0x08000ec7   Thumb Code    22  stm32f4xx_fsmc.o(.text)
    FSMC_PCCARDDeInit                        0x08000edd   Thumb Code    40  stm32f4xx_fsmc.o(.text)
    FSMC_PCCARDInit                          0x08000f05   Thumb Code   124  stm32f4xx_fsmc.o(.text)
    FSMC_PCCARDStructInit                    0x08000f81   Thumb Code    60  stm32f4xx_fsmc.o(.text)
    FSMC_PCCARDCmd                           0x08000fbd   Thumb Code    40  stm32f4xx_fsmc.o(.text)
    FSMC_ITConfig                            0x08000fe5   Thumb Code   128  stm32f4xx_fsmc.o(.text)
    FSMC_GetFlagStatus                       0x08001065   Thumb Code    48  stm32f4xx_fsmc.o(.text)
    FSMC_ClearFlag                           0x08001095   Thumb Code    62  stm32f4xx_fsmc.o(.text)
    FSMC_GetITStatus                         0x080010d3   Thumb Code   114  stm32f4xx_fsmc.o(.text)
    FSMC_ClearITPendingBit                   0x08001145   Thumb Code    64  stm32f4xx_fsmc.o(.text)
    GPIO_DeInit                              0x0800118d   Thumb Code   220  stm32f4xx_gpio.o(.text)
    GPIO_Init                                0x08001269   Thumb Code   144  stm32f4xx_gpio.o(.text)
    GPIO_StructInit                          0x080012f9   Thumb Code    18  stm32f4xx_gpio.o(.text)
    GPIO_PinLockConfig                       0x0800130b   Thumb Code    18  stm32f4xx_gpio.o(.text)
    GPIO_ReadInputDataBit                    0x0800131d   Thumb Code    18  stm32f4xx_gpio.o(.text)
    GPIO_ReadInputData                       0x0800132f   Thumb Code     8  stm32f4xx_gpio.o(.text)
    GPIO_ReadOutputDataBit                   0x08001337   Thumb Code    18  stm32f4xx_gpio.o(.text)
    GPIO_ReadOutputData                      0x08001349   Thumb Code     8  stm32f4xx_gpio.o(.text)
    GPIO_SetBits                             0x08001351   Thumb Code     4  stm32f4xx_gpio.o(.text)
    GPIO_ResetBits                           0x08001355   Thumb Code     4  stm32f4xx_gpio.o(.text)
    GPIO_WriteBit                            0x08001359   Thumb Code    10  stm32f4xx_gpio.o(.text)
    GPIO_Write                               0x08001363   Thumb Code     4  stm32f4xx_gpio.o(.text)
    GPIO_ToggleBits                          0x08001367   Thumb Code     8  stm32f4xx_gpio.o(.text)
    GPIO_PinAFConfig                         0x0800136f   Thumb Code    70  stm32f4xx_gpio.o(.text)
    RCC_DeInit                               0x080013d9   Thumb Code    60  stm32f4xx_rcc.o(.text)
    RCC_HSEConfig                            0x08001415   Thumb Code    14  stm32f4xx_rcc.o(.text)
    RCC_GetFlagStatus                        0x08001423   Thumb Code    60  stm32f4xx_rcc.o(.text)
    RCC_WaitForHSEStartUp                    0x0800145f   Thumb Code    48  stm32f4xx_rcc.o(.text)
    RCC_AdjustHSICalibrationValue            0x0800148f   Thumb Code    20  stm32f4xx_rcc.o(.text)
    RCC_HSICmd                               0x080014a3   Thumb Code     6  stm32f4xx_rcc.o(.text)
    RCC_LSEConfig                            0x080014a9   Thumb Code    46  stm32f4xx_rcc.o(.text)
    RCC_LSICmd                               0x080014d7   Thumb Code     6  stm32f4xx_rcc.o(.text)
    RCC_PLLConfig                            0x080014dd   Thumb Code    34  stm32f4xx_rcc.o(.text)
    RCC_PLLCmd                               0x080014ff   Thumb Code     6  stm32f4xx_rcc.o(.text)
    RCC_PLLI2SConfig                         0x08001505   Thumb Code    14  stm32f4xx_rcc.o(.text)
    RCC_PLLI2SCmd                            0x08001513   Thumb Code     6  stm32f4xx_rcc.o(.text)
    RCC_ClockSecuritySystemCmd               0x08001519   Thumb Code     6  stm32f4xx_rcc.o(.text)
    RCC_MCO1Config                           0x0800151f   Thumb Code    28  stm32f4xx_rcc.o(.text)
    RCC_MCO2Config                           0x0800153b   Thumb Code    28  stm32f4xx_rcc.o(.text)
    RCC_SYSCLKConfig                         0x08001557   Thumb Code    20  stm32f4xx_rcc.o(.text)
    RCC_GetSYSCLKSource                      0x0800156b   Thumb Code    12  stm32f4xx_rcc.o(.text)
    RCC_HCLKConfig                           0x08001577   Thumb Code    20  stm32f4xx_rcc.o(.text)
    RCC_PCLK1Config                          0x0800158b   Thumb Code    20  stm32f4xx_rcc.o(.text)
    RCC_PCLK2Config                          0x0800159f   Thumb Code    22  stm32f4xx_rcc.o(.text)
    RCC_GetClocksFreq                        0x080015b5   Thumb Code   214  stm32f4xx_rcc.o(.text)
    RCC_RTCCLKConfig                         0x0800168b   Thumb Code    54  stm32f4xx_rcc.o(.text)
    RCC_RTCCLKCmd                            0x080016c1   Thumb Code     8  stm32f4xx_rcc.o(.text)
    RCC_BackupResetCmd                       0x080016c9   Thumb Code     8  stm32f4xx_rcc.o(.text)
    RCC_I2SCLKConfig                         0x080016d1   Thumb Code     6  stm32f4xx_rcc.o(.text)
    RCC_AHB1PeriphClockCmd                   0x080016d7   Thumb Code    34  stm32f4xx_rcc.o(.text)
    RCC_AHB2PeriphClockCmd                   0x080016f9   Thumb Code    34  stm32f4xx_rcc.o(.text)
    RCC_AHB3PeriphClockCmd                   0x0800171b   Thumb Code    34  stm32f4xx_rcc.o(.text)
    RCC_APB1PeriphClockCmd                   0x0800173d   Thumb Code    34  stm32f4xx_rcc.o(.text)
    RCC_APB2PeriphClockCmd                   0x0800175f   Thumb Code    34  stm32f4xx_rcc.o(.text)
    RCC_AHB1PeriphResetCmd                   0x08001781   Thumb Code    34  stm32f4xx_rcc.o(.text)
    RCC_AHB2PeriphResetCmd                   0x080017a3   Thumb Code    74  stm32f4xx_rcc.o(.text)
    RCC_AHB3PeriphResetCmd                   0x080017ed   Thumb Code    26  stm32f4xx_rcc.o(.text)
    RCC_APB1PeriphResetCmd                   0x08001807   Thumb Code    34  stm32f4xx_rcc.o(.text)
    RCC_APB2PeriphResetCmd                   0x08001829   Thumb Code    34  stm32f4xx_rcc.o(.text)
    RCC_AHB1PeriphClockLPModeCmd             0x0800184b   Thumb Code    34  stm32f4xx_rcc.o(.text)
    RCC_AHB2PeriphClockLPModeCmd             0x0800186d   Thumb Code    34  stm32f4xx_rcc.o(.text)
    RCC_AHB3PeriphClockLPModeCmd             0x0800188f   Thumb Code    34  stm32f4xx_rcc.o(.text)
    RCC_APB1PeriphClockLPModeCmd             0x080018b1   Thumb Code    34  stm32f4xx_rcc.o(.text)
    RCC_APB2PeriphClockLPModeCmd             0x080018d3   Thumb Code    34  stm32f4xx_rcc.o(.text)
    RCC_ITConfig                             0x080018f5   Thumb Code    38  stm32f4xx_rcc.o(.text)
    RCC_ClearFlag                            0x0800191b   Thumb Code    18  stm32f4xx_rcc.o(.text)
    RCC_GetITStatus                          0x0800192d   Thumb Code    22  stm32f4xx_rcc.o(.text)
    RCC_ClearITPendingBit                    0x08001943   Thumb Code     8  stm32f4xx_rcc.o(.text)
    SPI_I2S_DeInit                           0x08001951   Thumb Code    76  stm32f4xx_spi.o(.text)
    SPI_Init                                 0x0800199d   Thumb Code    60  stm32f4xx_spi.o(.text)
    I2S_Init                                 0x080019d9   Thumb Code   340  stm32f4xx_spi.o(.text)
    SPI_StructInit                           0x08001b2d   Thumb Code    24  stm32f4xx_spi.o(.text)
    I2S_StructInit                           0x08001b45   Thumb Code    20  stm32f4xx_spi.o(.text)
    SPI_Cmd                                  0x08001b59   Thumb Code    24  stm32f4xx_spi.o(.text)
    I2S_Cmd                                  0x08001b71   Thumb Code    24  stm32f4xx_spi.o(.text)
    SPI_DataSizeConfig                       0x08001b89   Thumb Code    18  stm32f4xx_spi.o(.text)
    SPI_BiDirectionalLineConfig              0x08001b9b   Thumb Code    28  stm32f4xx_spi.o(.text)
    SPI_NSSInternalSoftwareConfig            0x08001bb7   Thumb Code    30  stm32f4xx_spi.o(.text)
    SPI_SSOutputCmd                          0x08001bd5   Thumb Code    24  stm32f4xx_spi.o(.text)
    SPI_TIModeCmd                            0x08001bed   Thumb Code    24  stm32f4xx_spi.o(.text)
    I2S_FullDuplexConfig                     0x08001c05   Thumb Code    80  stm32f4xx_spi.o(.text)
    SPI_I2S_ReceiveData                      0x08001c55   Thumb Code     6  stm32f4xx_spi.o(.text)
    SPI_I2S_SendData                         0x08001c5b   Thumb Code     4  stm32f4xx_spi.o(.text)
    SPI_CalculateCRC                         0x08001c5f   Thumb Code    24  stm32f4xx_spi.o(.text)
    SPI_TransmitCRC                          0x08001c77   Thumb Code    10  stm32f4xx_spi.o(.text)
    SPI_GetCRC                               0x08001c81   Thumb Code    16  stm32f4xx_spi.o(.text)
    SPI_GetCRCPolynomial                     0x08001c91   Thumb Code     6  stm32f4xx_spi.o(.text)
    SPI_I2S_DMACmd                           0x08001c97   Thumb Code    24  stm32f4xx_spi.o(.text)
    SPI_I2S_ITConfig                         0x08001caf   Thumb Code    42  stm32f4xx_spi.o(.text)
    SPI_I2S_GetFlagStatus                    0x08001cd9   Thumb Code    18  stm32f4xx_spi.o(.text)
    SPI_I2S_ClearFlag                        0x08001ceb   Thumb Code     6  stm32f4xx_spi.o(.text)
    SPI_I2S_GetITStatus                      0x08001cf1   Thumb Code    56  stm32f4xx_spi.o(.text)
    SPI_I2S_ClearITPendingBit                0x08001d29   Thumb Code    40  stm32f4xx_spi.o(.text)
    SYSCFG_DeInit                            0x08001d51   Thumb Code    22  stm32f4xx_syscfg.o(.text)
    SYSCFG_MemoryRemapConfig                 0x08001d67   Thumb Code     6  stm32f4xx_syscfg.o(.text)
    SYSCFG_EXTILineConfig                    0x08001d6d   Thumb Code    66  stm32f4xx_syscfg.o(.text)
    SYSCFG_ETH_MediaInterfaceConfig          0x08001daf   Thumb Code     6  stm32f4xx_syscfg.o(.text)
    SYSCFG_CompensationCellCmd               0x08001db5   Thumb Code     6  stm32f4xx_syscfg.o(.text)
    SYSCFG_GetCompensationCellStatus         0x08001dbb   Thumb Code    22  stm32f4xx_syscfg.o(.text)
    TIM_DeInit                               0x08001ddd   Thumb Code   346  stm32f4xx_tim.o(.text)
    TIM_TimeBaseInit                         0x08001f37   Thumb Code   104  stm32f4xx_tim.o(.text)
    TIM_TimeBaseStructInit                   0x08001f9f   Thumb Code    18  stm32f4xx_tim.o(.text)
    TIM_PrescalerConfig                      0x08001fb1   Thumb Code     6  stm32f4xx_tim.o(.text)
    TIM_CounterModeConfig                    0x08001fb7   Thumb Code    18  stm32f4xx_tim.o(.text)
    TIM_SetCounter                           0x08001fc9   Thumb Code     4  stm32f4xx_tim.o(.text)
    TIM_SetAutoreload                        0x08001fcd   Thumb Code     4  stm32f4xx_tim.o(.text)
    TIM_GetCounter                           0x08001fd1   Thumb Code     6  stm32f4xx_tim.o(.text)
    TIM_GetPrescaler                         0x08001fd7   Thumb Code     6  stm32f4xx_tim.o(.text)
    TIM_UpdateDisableConfig                  0x08001fdd   Thumb Code    24  stm32f4xx_tim.o(.text)
    TIM_UpdateRequestConfig                  0x08001ff5   Thumb Code    24  stm32f4xx_tim.o(.text)
    TIM_ARRPreloadConfig                     0x0800200d   Thumb Code    24  stm32f4xx_tim.o(.text)
    TIM_SelectOnePulseMode                   0x08002025   Thumb Code    18  stm32f4xx_tim.o(.text)
    TIM_SetClockDivision                     0x08002037   Thumb Code    18  stm32f4xx_tim.o(.text)
    TIM_Cmd                                  0x08002049   Thumb Code    24  stm32f4xx_tim.o(.text)
    TIM_OC1Init                              0x08002061   Thumb Code   126  stm32f4xx_tim.o(.text)
    TIM_OC2Init                              0x080020df   Thumb Code   156  stm32f4xx_tim.o(.text)
    TIM_OC3Init                              0x0800217b   Thumb Code   210  stm32f4xx_tim.o(.text)
    TIM_OC4Init                              0x0800224d   Thumb Code   110  stm32f4xx_tim.o(.text)
    TIM_OCStructInit                         0x080022bb   Thumb Code    20  stm32f4xx_tim.o(.text)
    TIM_SelectOCxM                           0x080022cf   Thumb Code    90  stm32f4xx_tim.o(.text)
    TIM_SetCompare1                          0x08002329   Thumb Code     4  stm32f4xx_tim.o(.text)
    TIM_SetCompare2                          0x0800232d   Thumb Code     4  stm32f4xx_tim.o(.text)
    TIM_SetCompare3                          0x08002331   Thumb Code     4  stm32f4xx_tim.o(.text)
    TIM_SetCompare4                          0x08002335   Thumb Code     4  stm32f4xx_tim.o(.text)
    TIM_ForcedOC1Config                      0x08002339   Thumb Code    18  stm32f4xx_tim.o(.text)
    TIM_ForcedOC2Config                      0x0800234b   Thumb Code    22  stm32f4xx_tim.o(.text)
    TIM_ForcedOC3Config                      0x08002361   Thumb Code    18  stm32f4xx_tim.o(.text)
    TIM_ForcedOC4Config                      0x08002373   Thumb Code    22  stm32f4xx_tim.o(.text)
    TIM_OC1PreloadConfig                     0x08002389   Thumb Code    18  stm32f4xx_tim.o(.text)
    TIM_OC2PreloadConfig                     0x0800239b   Thumb Code    22  stm32f4xx_tim.o(.text)
    TIM_OC3PreloadConfig                     0x080023b1   Thumb Code    18  stm32f4xx_tim.o(.text)
    TIM_OC4PreloadConfig                     0x080023c3   Thumb Code    22  stm32f4xx_tim.o(.text)
    TIM_OC1FastConfig                        0x080023d9   Thumb Code    18  stm32f4xx_tim.o(.text)
    TIM_OC2FastConfig                        0x080023eb   Thumb Code    22  stm32f4xx_tim.o(.text)
    TIM_OC3FastConfig                        0x08002401   Thumb Code    18  stm32f4xx_tim.o(.text)
    TIM_OC4FastConfig                        0x08002413   Thumb Code    22  stm32f4xx_tim.o(.text)
    TIM_ClearOC1Ref                          0x08002429   Thumb Code    18  stm32f4xx_tim.o(.text)
    TIM_ClearOC2Ref                          0x0800243b   Thumb Code    20  stm32f4xx_tim.o(.text)
    TIM_ClearOC3Ref                          0x0800244f   Thumb Code    18  stm32f4xx_tim.o(.text)
    TIM_ClearOC4Ref                          0x08002461   Thumb Code    20  stm32f4xx_tim.o(.text)
    TIM_OC1PolarityConfig                    0x08002475   Thumb Code    18  stm32f4xx_tim.o(.text)
    TIM_OC1NPolarityConfig                   0x08002487   Thumb Code    18  stm32f4xx_tim.o(.text)
    TIM_OC2PolarityConfig                    0x08002499   Thumb Code    22  stm32f4xx_tim.o(.text)
    TIM_OC2NPolarityConfig                   0x080024af   Thumb Code    22  stm32f4xx_tim.o(.text)
    TIM_OC3PolarityConfig                    0x080024c5   Thumb Code    22  stm32f4xx_tim.o(.text)
    TIM_OC3NPolarityConfig                   0x080024db   Thumb Code    22  stm32f4xx_tim.o(.text)
    TIM_OC4PolarityConfig                    0x080024f1   Thumb Code    22  stm32f4xx_tim.o(.text)
    TIM_CCxCmd                               0x08002507   Thumb Code    34  stm32f4xx_tim.o(.text)
    TIM_CCxNCmd                              0x08002529   Thumb Code    34  stm32f4xx_tim.o(.text)
    TIM_SetIC4Prescaler                      0x0800254b   Thumb Code    22  stm32f4xx_tim.o(.text)
    TIM_SetIC3Prescaler                      0x080025a5   Thumb Code    18  stm32f4xx_tim.o(.text)
    TIM_SetIC2Prescaler                      0x080025f7   Thumb Code    22  stm32f4xx_tim.o(.text)
    TIM_SetIC1Prescaler                      0x08002651   Thumb Code    18  stm32f4xx_tim.o(.text)
    TIM_ICInit                               0x080026a7   Thumb Code   110  stm32f4xx_tim.o(.text)
    TIM_ICStructInit                         0x08002715   Thumb Code    18  stm32f4xx_tim.o(.text)
    TIM_PWMIConfig                           0x08002727   Thumb Code   124  stm32f4xx_tim.o(.text)
    TIM_GetCapture1                          0x080027a3   Thumb Code     6  stm32f4xx_tim.o(.text)
    TIM_GetCapture2                          0x080027a9   Thumb Code     6  stm32f4xx_tim.o(.text)
    TIM_GetCapture3                          0x080027af   Thumb Code     6  stm32f4xx_tim.o(.text)
    TIM_GetCapture4                          0x080027b5   Thumb Code     6  stm32f4xx_tim.o(.text)
    TIM_BDTRConfig                           0x080027bb   Thumb Code    32  stm32f4xx_tim.o(.text)
    TIM_BDTRStructInit                       0x080027db   Thumb Code    18  stm32f4xx_tim.o(.text)
    TIM_CtrlPWMOutputs                       0x080027ed   Thumb Code    30  stm32f4xx_tim.o(.text)
    TIM_SelectCOM                            0x0800280b   Thumb Code    24  stm32f4xx_tim.o(.text)
    TIM_CCPreloadControl                     0x08002823   Thumb Code    24  stm32f4xx_tim.o(.text)
    TIM_ITConfig                             0x0800283b   Thumb Code    24  stm32f4xx_tim.o(.text)
    TIM_GenerateEvent                        0x08002853   Thumb Code     4  stm32f4xx_tim.o(.text)
    TIM_GetFlagStatus                        0x08002857   Thumb Code    18  stm32f4xx_tim.o(.text)
    TIM_ClearFlag                            0x08002869   Thumb Code     6  stm32f4xx_tim.o(.text)
    TIM_GetITStatus                          0x0800286f   Thumb Code    38  stm32f4xx_tim.o(.text)
    TIM_ClearITPendingBit                    0x08002895   Thumb Code     6  stm32f4xx_tim.o(.text)
    TIM_DMAConfig                            0x0800289b   Thumb Code    10  stm32f4xx_tim.o(.text)
    TIM_DMACmd                               0x080028a5   Thumb Code    24  stm32f4xx_tim.o(.text)
    TIM_SelectCCDMA                          0x080028bd   Thumb Code    24  stm32f4xx_tim.o(.text)
    TIM_InternalClockConfig                  0x080028d5   Thumb Code    12  stm32f4xx_tim.o(.text)
    TIM_SelectInputTrigger                   0x080028e1   Thumb Code    18  stm32f4xx_tim.o(.text)
    TIM_ITRxExternalClockConfig              0x080028f3   Thumb Code    24  stm32f4xx_tim.o(.text)
    TIM_TIxExternalClockConfig               0x0800290b   Thumb Code    62  stm32f4xx_tim.o(.text)
    TIM_ETRConfig                            0x08002949   Thumb Code    26  stm32f4xx_tim.o(.text)
    TIM_ETRClockMode1Config                  0x08002963   Thumb Code    54  stm32f4xx_tim.o(.text)
    TIM_ETRClockMode2Config                  0x08002999   Thumb Code    32  stm32f4xx_tim.o(.text)
    TIM_SelectOutputTrigger                  0x080029b9   Thumb Code    18  stm32f4xx_tim.o(.text)
    TIM_SelectSlaveMode                      0x080029cb   Thumb Code    18  stm32f4xx_tim.o(.text)
    TIM_SelectMasterSlaveMode                0x080029dd   Thumb Code    18  stm32f4xx_tim.o(.text)
    TIM_EncoderInterfaceConfig               0x080029ef   Thumb Code    64  stm32f4xx_tim.o(.text)
    TIM_SelectHallSensor                     0x08002a2f   Thumb Code    24  stm32f4xx_tim.o(.text)
    TIM_RemapConfig                          0x08002a47   Thumb Code     6  stm32f4xx_tim.o(.text)
    USART_DeInit                             0x08002a4d   Thumb Code   156  stm32f4xx_usart.o(.text)
    USART_Init                               0x08002ae9   Thumb Code   204  stm32f4xx_usart.o(.text)
    USART_StructInit                         0x08002bb5   Thumb Code    24  stm32f4xx_usart.o(.text)
    USART_ClockInit                          0x08002bcd   Thumb Code    32  stm32f4xx_usart.o(.text)
    USART_ClockStructInit                    0x08002bed   Thumb Code    12  stm32f4xx_usart.o(.text)
    USART_Cmd                                0x08002bf9   Thumb Code    24  stm32f4xx_usart.o(.text)
    USART_SetPrescaler                       0x08002c11   Thumb Code    16  stm32f4xx_usart.o(.text)
    USART_OverSampling8Cmd                   0x08002c21   Thumb Code    22  stm32f4xx_usart.o(.text)
    USART_OneBitMethodCmd                    0x08002c37   Thumb Code    24  stm32f4xx_usart.o(.text)
    USART_SendData                           0x08002c4f   Thumb Code     8  stm32f4xx_usart.o(.text)
    USART_ReceiveData                        0x08002c57   Thumb Code    10  stm32f4xx_usart.o(.text)
    USART_SetAddress                         0x08002c61   Thumb Code    18  stm32f4xx_usart.o(.text)
    USART_ReceiverWakeUpCmd                  0x08002c73   Thumb Code    24  stm32f4xx_usart.o(.text)
    USART_WakeUpConfig                       0x08002c8b   Thumb Code    18  stm32f4xx_usart.o(.text)
    USART_LINBreakDetectLengthConfig         0x08002c9d   Thumb Code    18  stm32f4xx_usart.o(.text)
    USART_LINCmd                             0x08002caf   Thumb Code    24  stm32f4xx_usart.o(.text)
    USART_SendBreak                          0x08002cc7   Thumb Code    10  stm32f4xx_usart.o(.text)
    USART_HalfDuplexCmd                      0x08002cd1   Thumb Code    24  stm32f4xx_usart.o(.text)
    USART_SetGuardTime                       0x08002ce9   Thumb Code    16  stm32f4xx_usart.o(.text)
    USART_SmartCardCmd                       0x08002cf9   Thumb Code    24  stm32f4xx_usart.o(.text)
    USART_SmartCardNACKCmd                   0x08002d11   Thumb Code    24  stm32f4xx_usart.o(.text)
    USART_IrDAConfig                         0x08002d29   Thumb Code    18  stm32f4xx_usart.o(.text)
    USART_IrDACmd                            0x08002d3b   Thumb Code    24  stm32f4xx_usart.o(.text)
    USART_DMACmd                             0x08002d53   Thumb Code    24  stm32f4xx_usart.o(.text)
    USART_ITConfig                           0x08002d6b   Thumb Code    74  stm32f4xx_usart.o(.text)
    USART_GetFlagStatus                      0x08002db5   Thumb Code    26  stm32f4xx_usart.o(.text)
    USART_ClearFlag                          0x08002dcf   Thumb Code    18  stm32f4xx_usart.o(.text)
    USART_GetITStatus                        0x08002de1   Thumb Code   112  stm32f4xx_usart.o(.text)
    USART_ClearITPendingBit                  0x08002e51   Thumb Code    30  stm32f4xx_usart.o(.text)
    Reset_Handler                            0x08002e71   Thumb Code     8  startup_stm32f4xx.o(.text)
    ADC_IRQHandler                           0x08002e8b   Thumb Code     0  startup_stm32f4xx.o(.text)
    CAN1_RX0_IRQHandler                      0x08002e8b   Thumb Code     0  startup_stm32f4xx.o(.text)
    CAN1_RX1_IRQHandler                      0x08002e8b   Thumb Code     0  startup_stm32f4xx.o(.text)
    CAN1_SCE_IRQHandler                      0x08002e8b   Thumb Code     0  startup_stm32f4xx.o(.text)
    CAN1_TX_IRQHandler                       0x08002e8b   Thumb Code     0  startup_stm32f4xx.o(.text)
    CAN2_RX0_IRQHandler                      0x08002e8b   Thumb Code     0  startup_stm32f4xx.o(.text)
    CAN2_RX1_IRQHandler                      0x08002e8b   Thumb Code     0  startup_stm32f4xx.o(.text)
    CAN2_SCE_IRQHandler                      0x08002e8b   Thumb Code     0  startup_stm32f4xx.o(.text)
    CAN2_TX_IRQHandler                       0x08002e8b   Thumb Code     0  startup_stm32f4xx.o(.text)
    CRYP_IRQHandler                          0x08002e8b   Thumb Code     0  startup_stm32f4xx.o(.text)
    DCMI_IRQHandler                          0x08002e8b   Thumb Code     0  startup_stm32f4xx.o(.text)
    DMA1_Stream0_IRQHandler                  0x08002e8b   Thumb Code     0  startup_stm32f4xx.o(.text)
    DMA1_Stream1_IRQHandler                  0x08002e8b   Thumb Code     0  startup_stm32f4xx.o(.text)
    DMA1_Stream2_IRQHandler                  0x08002e8b   Thumb Code     0  startup_stm32f4xx.o(.text)
    DMA1_Stream3_IRQHandler                  0x08002e8b   Thumb Code     0  startup_stm32f4xx.o(.text)
    DMA1_Stream4_IRQHandler                  0x08002e8b   Thumb Code     0  startup_stm32f4xx.o(.text)
    DMA1_Stream5_IRQHandler                  0x08002e8b   Thumb Code     0  startup_stm32f4xx.o(.text)
    DMA1_Stream6_IRQHandler                  0x08002e8b   Thumb Code     0  startup_stm32f4xx.o(.text)
    DMA1_Stream7_IRQHandler                  0x08002e8b   Thumb Code     0  startup_stm32f4xx.o(.text)
    DMA2_Stream0_IRQHandler                  0x08002e8b   Thumb Code     0  startup_stm32f4xx.o(.text)
    DMA2_Stream1_IRQHandler                  0x08002e8b   Thumb Code     0  startup_stm32f4xx.o(.text)
    DMA2_Stream2_IRQHandler                  0x08002e8b   Thumb Code     0  startup_stm32f4xx.o(.text)
    DMA2_Stream3_IRQHandler                  0x08002e8b   Thumb Code     0  startup_stm32f4xx.o(.text)
    DMA2_Stream4_IRQHandler                  0x08002e8b   Thumb Code     0  startup_stm32f4xx.o(.text)
    DMA2_Stream5_IRQHandler                  0x08002e8b   Thumb Code     0  startup_stm32f4xx.o(.text)
    DMA2_Stream6_IRQHandler                  0x08002e8b   Thumb Code     0  startup_stm32f4xx.o(.text)
    DMA2_Stream7_IRQHandler                  0x08002e8b   Thumb Code     0  startup_stm32f4xx.o(.text)
    ETH_IRQHandler                           0x08002e8b   Thumb Code     0  startup_stm32f4xx.o(.text)
    ETH_WKUP_IRQHandler                      0x08002e8b   Thumb Code     0  startup_stm32f4xx.o(.text)
    EXTI0_IRQHandler                         0x08002e8b   Thumb Code     0  startup_stm32f4xx.o(.text)
    EXTI1_IRQHandler                         0x08002e8b   Thumb Code     0  startup_stm32f4xx.o(.text)
    EXTI2_IRQHandler                         0x08002e8b   Thumb Code     0  startup_stm32f4xx.o(.text)
    EXTI3_IRQHandler                         0x08002e8b   Thumb Code     0  startup_stm32f4xx.o(.text)
    FLASH_IRQHandler                         0x08002e8b   Thumb Code     0  startup_stm32f4xx.o(.text)
    FPU_IRQHandler                           0x08002e8b   Thumb Code     0  startup_stm32f4xx.o(.text)
    FSMC_IRQHandler                          0x08002e8b   Thumb Code     0  startup_stm32f4xx.o(.text)
    HASH_RNG_IRQHandler                      0x08002e8b   Thumb Code     0  startup_stm32f4xx.o(.text)
    I2C1_ER_IRQHandler                       0x08002e8b   Thumb Code     0  startup_stm32f4xx.o(.text)
    I2C1_EV_IRQHandler                       0x08002e8b   Thumb Code     0  startup_stm32f4xx.o(.text)
    I2C2_ER_IRQHandler                       0x08002e8b   Thumb Code     0  startup_stm32f4xx.o(.text)
    I2C2_EV_IRQHandler                       0x08002e8b   Thumb Code     0  startup_stm32f4xx.o(.text)
    I2C3_ER_IRQHandler                       0x08002e8b   Thumb Code     0  startup_stm32f4xx.o(.text)
    I2C3_EV_IRQHandler                       0x08002e8b   Thumb Code     0  startup_stm32f4xx.o(.text)
    OTG_FS_IRQHandler                        0x08002e8b   Thumb Code     0  startup_stm32f4xx.o(.text)
    OTG_FS_WKUP_IRQHandler                   0x08002e8b   Thumb Code     0  startup_stm32f4xx.o(.text)
    OTG_HS_EP1_IN_IRQHandler                 0x08002e8b   Thumb Code     0  startup_stm32f4xx.o(.text)
    OTG_HS_EP1_OUT_IRQHandler                0x08002e8b   Thumb Code     0  startup_stm32f4xx.o(.text)
    OTG_HS_IRQHandler                        0x08002e8b   Thumb Code     0  startup_stm32f4xx.o(.text)
    OTG_HS_WKUP_IRQHandler                   0x08002e8b   Thumb Code     0  startup_stm32f4xx.o(.text)
    PVD_IRQHandler                           0x08002e8b   Thumb Code     0  startup_stm32f4xx.o(.text)
    RCC_IRQHandler                           0x08002e8b   Thumb Code     0  startup_stm32f4xx.o(.text)
    RTC_Alarm_IRQHandler                     0x08002e8b   Thumb Code     0  startup_stm32f4xx.o(.text)
    RTC_WKUP_IRQHandler                      0x08002e8b   Thumb Code     0  startup_stm32f4xx.o(.text)
    SDIO_IRQHandler                          0x08002e8b   Thumb Code     0  startup_stm32f4xx.o(.text)
    SPI1_IRQHandler                          0x08002e8b   Thumb Code     0  startup_stm32f4xx.o(.text)
    SPI2_IRQHandler                          0x08002e8b   Thumb Code     0  startup_stm32f4xx.o(.text)
    SPI3_IRQHandler                          0x08002e8b   Thumb Code     0  startup_stm32f4xx.o(.text)
    TAMP_STAMP_IRQHandler                    0x08002e8b   Thumb Code     0  startup_stm32f4xx.o(.text)
    TIM1_BRK_TIM9_IRQHandler                 0x08002e8b   Thumb Code     0  startup_stm32f4xx.o(.text)
    TIM1_CC_IRQHandler                       0x08002e8b   Thumb Code     0  startup_stm32f4xx.o(.text)
    TIM1_TRG_COM_TIM11_IRQHandler            0x08002e8b   Thumb Code     0  startup_stm32f4xx.o(.text)
    TIM1_UP_TIM10_IRQHandler                 0x08002e8b   Thumb Code     0  startup_stm32f4xx.o(.text)
    TIM3_IRQHandler                          0x08002e8b   Thumb Code     0  startup_stm32f4xx.o(.text)
    TIM4_IRQHandler                          0x08002e8b   Thumb Code     0  startup_stm32f4xx.o(.text)
    TIM5_IRQHandler                          0x08002e8b   Thumb Code     0  startup_stm32f4xx.o(.text)
    TIM6_DAC_IRQHandler                      0x08002e8b   Thumb Code     0  startup_stm32f4xx.o(.text)
    TIM7_IRQHandler                          0x08002e8b   Thumb Code     0  startup_stm32f4xx.o(.text)
    TIM8_BRK_TIM12_IRQHandler                0x08002e8b   Thumb Code     0  startup_stm32f4xx.o(.text)
    TIM8_CC_IRQHandler                       0x08002e8b   Thumb Code     0  startup_stm32f4xx.o(.text)
    TIM8_TRG_COM_TIM14_IRQHandler            0x08002e8b   Thumb Code     0  startup_stm32f4xx.o(.text)
    TIM8_UP_TIM13_IRQHandler                 0x08002e8b   Thumb Code     0  startup_stm32f4xx.o(.text)
    UART4_IRQHandler                         0x08002e8b   Thumb Code     0  startup_stm32f4xx.o(.text)
    UART5_IRQHandler                         0x08002e8b   Thumb Code     0  startup_stm32f4xx.o(.text)
    USART6_IRQHandler                        0x08002e8b   Thumb Code     0  startup_stm32f4xx.o(.text)
    WWDG_IRQHandler                          0x08002e8b   Thumb Code     0  startup_stm32f4xx.o(.text)
    Get_Voltage                              0x08002e95   Thumb Code    16  ad.o(.text)
    AD_Init                                  0x08002ea5   Thumb Code   120  ad.o(.text)
    Move_Control                             0x08002f25   Thumb Code   174  control.o(.text)
    Move_Stop                                0x08002fd3   Thumb Code    20  control.o(.text)
    get_dire_dist                            0x08002fe7   Thumb Code     2  control.o(.text)
    CRC32Value                               0x08003001   Thumb Code    32  crc_gps.o(.text)
    CalculateBlockCRC32                      0x08003021   Thumb Code    52  crc_gps.o(.text)
    lcd_refresh                              0x08003059   Thumb Code   580  display.o(.text)
    Encoder_init                             0x08003399   Thumb Code   172  encoder.o(.text)
    get_speed                                0x08003445   Thumb Code    30  encoder.o(.text)
    GPS_int                                  0x0800346d   Thumb Code   208  gps.o(.text)
    USART1_IRQHandler                        0x0800353d   Thumb Code   336  gps.o(.text)
    map_14bits_to_16bits                     0x080036f5   Thumb Code    22  imu_adis16xxx.o(.text)
    ADI_BurstReadMode                        0x0800370b   Thumb Code   216  imu_adis16xxx.o(.text)
    EXTI4_IRQHandler                         0x080037e3   Thumb Code   706  imu_adis16xxx.o(.text)
    spi2_init                                0x08003aa5   Thumb Code   250  imu_adis16xxx.o(.text)
    RST_init                                 0x08003b9f   Thumb Code    56  imu_adis16xxx.o(.text)
    RST_IMU                                  0x08003bd7   Thumb Code    26  imu_adis16xxx.o(.text)
    EXTI4_init                               0x08003bf1   Thumb Code   112  imu_adis16xxx.o(.text)
    IMU_init                                 0x08003c61   Thumb Code   120  imu_adis16xxx.o(.text)
    IMU_BE10                                 0x08003cd9   Thumb Code    48  imu_adis16xxx.o(.text)
    KEY_init                                 0x08003d11   Thumb Code   292  key.o(.text)
    EXTI9_5_IRQHandler                       0x08003e35   Thumb Code   134  key.o(.text)
    EXTI15_10_IRQHandler                     0x08003ebb   Thumb Code    22  key.o(.text)
    get_mode                                 0x08003ed1   Thumb Code    28  key.o(.text)
    get_PV                                   0x08003eed   Thumb Code    12  key.o(.text)
    locate_update                            0x08003f11   Thumb Code   360  locate.o(.text)
    invSqrt                                  0x0800408d   Thumb Code    56  mahonyahrs.o(.text)
    MahonyAHRSupdateIMU                      0x080040c5   Thumb Code   800  mahonyahrs.o(.text)
    MahonyAHRSupdate                         0x080043e5   Thumb Code  1594  mahonyahrs.o(.text)
    PWM_GPIO_init                            0x08004a31   Thumb Code    96  pwm.o(.text)
    PWM_yaw_set                              0x08004a91   Thumb Code    48  pwm.o(.text)
    PWM_pitch_set                            0x08004ac1   Thumb Code    48  pwm.o(.text)
    PWM_motor_set                            0x08004af1   Thumb Code    50  pwm.o(.text)
    PWM_servo_set                            0x08004b23   Thumb Code    48  pwm.o(.text)
    PWM_init                                 0x08004b53   Thumb Code   116  pwm.o(.text)
    LCD_DisplayOff                           0x08004bdd   Thumb Code     2  stm32f4_lcd.o(.text)
    LCD_DeInit                               0x08004bdf   Thumb Code   538  stm32f4_lcd.o(.text)
    LCD_SetFont                              0x08004df9   Thumb Code     6  stm32f4_lcd.o(.text)
    LCD_WriteReg                             0x08004e13   Thumb Code     8  stm32f4_lcd.o(.text)
    LCD_WriteRAM                             0x08004e1b   Thumb Code     8  stm32f4_lcd.o(.text)
    LCD_FSMCConfig                           0x08004e23   Thumb Code   100  stm32f4_lcd.o(.text)
    LCD_CtrlLinesConfig                      0x08004e87   Thumb Code   308  stm32f4_lcd.o(.text)
    STM324xG_LCD_Init                        0x08004fbb   Thumb Code   422  stm32f4_lcd.o(.text)
    LCD_SetColors                            0x08005161   Thumb Code    10  stm32f4_lcd.o(.text)
    LCD_GetColors                            0x0800516b   Thumb Code    14  stm32f4_lcd.o(.text)
    LCD_SetTextColor                         0x08005179   Thumb Code     6  stm32f4_lcd.o(.text)
    LCD_SetBackColor                         0x0800517f   Thumb Code     6  stm32f4_lcd.o(.text)
    LCD_GetFont                              0x08005185   Thumb Code     6  stm32f4_lcd.o(.text)
    LCD_SetCursor                            0x0800518b   Thumb Code    44  stm32f4_lcd.o(.text)
    LCD_ReadReg                              0x080051b7   Thumb Code    12  stm32f4_lcd.o(.text)
    LCD_WriteRAM_Prepare                     0x080051c3   Thumb Code    10  stm32f4_lcd.o(.text)
    LCD_DrawChar                             0x080051cd   Thumb Code   160  stm32f4_lcd.o(.text)
    LCD_DisplayChar                          0x0800526d   Thumb Code    42  stm32f4_lcd.o(.text)
    LCD_ClearLine                            0x08005297   Thumb Code    46  stm32f4_lcd.o(.text)
    LCD_Clear                                0x080052c5   Thumb Code    38  stm32f4_lcd.o(.text)
    LCD_DisplayStringLine                    0x080052eb   Thumb Code    74  stm32f4_lcd.o(.text)
    LCD_SetDisplayWindow                     0x08005335   Thumb Code     2  stm32f4_lcd.o(.text)
    LCD_WindowModeDisable                    0x08005337   Thumb Code     2  stm32f4_lcd.o(.text)
    LCD_DrawLine                             0x08005339   Thumb Code    86  stm32f4_lcd.o(.text)
    LCD_DrawRect                             0x0800538f   Thumb Code    66  stm32f4_lcd.o(.text)
    LCD_DrawCircle                           0x080053d1   Thumb Code   252  stm32f4_lcd.o(.text)
    LCD_DrawMonoPict                         0x080054cd   Thumb Code    76  stm32f4_lcd.o(.text)
    LCD_WriteBMP                             0x08005519   Thumb Code     2  stm32f4_lcd.o(.text)
    LCD_DrawFullRect                         0x0800551b   Thumb Code   150  stm32f4_lcd.o(.text)
    LCD_DrawFullCircle                       0x080055b1   Thumb Code   162  stm32f4_lcd.o(.text)
    LCD_DrawUniLine                          0x0800567d   Thumb Code   282  stm32f4_lcd.o(.text)
    LCD_PolyLine                             0x08005797   Thumb Code    60  stm32f4_lcd.o(.text)
    LCD_ClosedPolyLine                       0x0800583d   Thumb Code    48  stm32f4_lcd.o(.text)
    LCD_PolyLineRelative                     0x0800586d   Thumb Code    18  stm32f4_lcd.o(.text)
    LCD_ClosedPolyLineRelative               0x0800587f   Thumb Code    18  stm32f4_lcd.o(.text)
    LCD_FillPolyLine                         0x08005891   Thumb Code   688  stm32f4_lcd.o(.text)
    LCD_ReadRAM                              0x08005b41   Thumb Code     4  stm32f4_lcd.o(.text)
    LCD_PowerOn                              0x08005b45   Thumb Code     2  stm32f4_lcd.o(.text)
    LCD_DisplayOn                            0x08005b47   Thumb Code     2  stm32f4_lcd.o(.text)
    usart_init                               0x08005b51   Thumb Code   192  usart.o(.text)
    usart1_init                              0x08005c11   Thumb Code   166  usart.o(.text)
    USART2_IRQHandler                        0x08005cb7   Thumb Code   100  usart.o(.text)
    fputc                                    0x08005d1b   Thumb Code    32  usart.o(.text)
    TIM2_Configuration                       0x08005d79   Thumb Code   122  timer.o(.text)
    TIM2_IRQHandler                          0x08005df3   Thumb Code   144  timer.o(.text)
    __aeabi_memcpy                           0x08005ea9   Thumb Code    36  memcpya.o(.text)
    __aeabi_memcpy4                          0x08005ea9   Thumb Code     0  memcpya.o(.text)
    __aeabi_memcpy8                          0x08005ea9   Thumb Code     0  memcpya.o(.text)
    __0sscanf                                0x08005ecd   Thumb Code    48  __0sscanf.o(.text)
    _scanf_int                               0x08005f05   Thumb Code   336  _scanf_int.o(.text)
    __aeabi_dadd                             0x08006055   Thumb Code   320  dadd.o(.text)
    __aeabi_dsub                             0x08006195   Thumb Code     6  dadd.o(.text)
    __aeabi_drsub                            0x0800619b   Thumb Code     6  dadd.o(.text)
    __aeabi_dmul                             0x080061a1   Thumb Code   224  dmul.o(.text)
    __aeabi_ddiv                             0x08006281   Thumb Code   222  ddiv.o(.text)
    __aeabi_i2d                              0x0800635f   Thumb Code    34  dflti.o(.text)
    __aeabi_ui2d                             0x08006381   Thumb Code    26  dfltui.o(.text)
    __aeabi_f2d                              0x0800639b   Thumb Code    44  f2d.o(.text)
    __aeabi_cdcmpeq                          0x080063c9   Thumb Code     0  cdcmple.o(.text)
    __aeabi_cdcmple                          0x080063c9   Thumb Code    38  cdcmple.o(.text)
    __aeabi_cdrcmple                         0x080063f1   Thumb Code    38  cdrcmple.o(.text)
    __aeabi_d2f                              0x08006419   Thumb Code    56  d2f.o(.text)
    __aeabi_uidiv                            0x08006451   Thumb Code     0  uidiv.o(.text)
    __aeabi_uidivmod                         0x08006451   Thumb Code    44  uidiv.o(.text)
    __aeabi_uldivmod                         0x0800647d   Thumb Code    98  uldiv.o(.text)
    __aeabi_llsl                             0x080064df   Thumb Code    30  llshl.o(.text)
    _ll_shift_l                              0x080064df   Thumb Code     0  llshl.o(.text)
    __aeabi_lasr                             0x080064fd   Thumb Code    36  llsshr.o(.text)
    _ll_sshift_r                             0x080064fd   Thumb Code     0  llsshr.o(.text)
    _chval                                   0x08006521   Thumb Code    28  _chval.o(.text)
    __vfscanf_char                           0x08006549   Thumb Code    22  scanf_char.o(.text)
    _sgetc                                   0x08006569   Thumb Code    30  _sgetc.o(.text)
    _sbackspace                              0x08006587   Thumb Code    34  _sgetc.o(.text)
    __I$use$fp                               0x080065a9   Thumb Code     0  iusefp.o(.text)
    _float_round                             0x080065a9   Thumb Code    18  fepilogue.o(.text)
    _float_epilogue                          0x080065bb   Thumb Code    90  fepilogue.o(.text)
    _double_round                            0x08006615   Thumb Code    26  depilogue.o(.text)
    _double_epilogue                         0x0800662f   Thumb Code   164  depilogue.o(.text)
    _dsqrt                                   0x080066d3   Thumb Code   162  dsqrt.o(.text)
    __aeabi_d2ulz                            0x08006775   Thumb Code    48  dfixul.o(.text)
    __scatterload                            0x080067a5   Thumb Code    28  init.o(.text)
    __scatterload_rt2                        0x080067a5   Thumb Code     0  init.o(.text)
    __aeabi_llsr                             0x080067c9   Thumb Code    32  llushr.o(.text)
    _ll_ushift_r                             0x080067c9   Thumb Code     0  llushr.o(.text)
    isspace                                  0x080067e9   Thumb Code    10  isspace_c.o(.text)
    __vfscanf                                0x080067f5   Thumb Code   800  _scanf.o(.text)
    __aeabi_d2iz                             0x08006b19   Thumb Code    62  dfixi.o(.text)
    __ctype_lookup                           0x08006b59   Thumb Code    34  ctype_c.o(.text)
    __0printf                                0x08006b81   Thumb Code    22  printfa.o(i.__0printf)
    __1printf                                0x08006b81   Thumb Code     0  printfa.o(i.__0printf)
    __2printf                                0x08006b81   Thumb Code     0  printfa.o(i.__0printf)
    __c89printf                              0x08006b81   Thumb Code     0  printfa.o(i.__0printf)
    printf                                   0x08006b81   Thumb Code     0  printfa.o(i.__0printf)
    __0sprintf                               0x08006ba1   Thumb Code    34  printfa.o(i.__0sprintf)
    __1sprintf                               0x08006ba1   Thumb Code     0  printfa.o(i.__0sprintf)
    __2sprintf                               0x08006ba1   Thumb Code     0  printfa.o(i.__0sprintf)
    __c89sprintf                             0x08006ba1   Thumb Code     0  printfa.o(i.__0sprintf)
    sprintf                                  0x08006ba1   Thumb Code     0  printfa.o(i.__0sprintf)
    __ARM_fpclassify                         0x08006bc9   Thumb Code    48  fpclassify.o(i.__ARM_fpclassify)
    __hardfp_asin                            0x08006bf9   Thumb Code   774  asin.o(i.__hardfp_asin)
    __hardfp_atan                            0x08006f69   Thumb Code   636  atan.o(i.__hardfp_atan)
    __hardfp_atan2                           0x08007251   Thumb Code   422  atan2.o(i.__hardfp_atan2)
    __hardfp_cos                             0x08007439   Thumb Code   200  cos.o(i.__hardfp_cos)
    __hardfp_sin                             0x08007511   Thumb Code   200  sin.o(i.__hardfp_sin)
    __hardfp_sqrt                            0x080075e9   Thumb Code   120  sqrt.o(i.__hardfp_sqrt)
    __ieee754_rem_pio2                       0x08007661   Thumb Code   962  rred.o(i.__ieee754_rem_pio2)
    __kernel_cos                             0x08007ab1   Thumb Code   322  cos_i.o(i.__kernel_cos)
    __kernel_poly                            0x08007c21   Thumb Code   248  poly.o(i.__kernel_poly)
    __kernel_sin                             0x08007d19   Thumb Code   280  sin_i.o(i.__kernel_sin)
    __mathlib_dbl_underflow                  0x08007e49   Thumb Code    24  dunder.o(i.__mathlib_dbl_underflow)
    __scatterload_copy                       0x08007e69   Thumb Code    14  handlers.o(i.__scatterload_copy)
    __scatterload_null                       0x08007e77   Thumb Code     2  handlers.o(i.__scatterload_null)
    __scatterload_zeroinit                   0x08007e79   Thumb Code    14  handlers.o(i.__scatterload_zeroinit)
    __set_errno                              0x08007e89   Thumb Code     6  errno.o(i.__set_errno)
    atan                                     0x08008751   Thumb Code    16  atan.o(i.atan)
    fabs                                     0x08008761   Thumb Code    32  fabs.o(i.fabs)
    sqrt                                     0x08008781   Thumb Code   108  sqrt.o(i.sqrt)
    ASCII16x24_Table                         0x080087ec   Data        4560  stm32f4_lcd.o(.constdata)
    ASCII12x12_Table                         0x080099bc   Data        2304  stm32f4_lcd.o(.constdata)
    ASCII8x12_Table                          0x0800a2bc   Data        2304  stm32f4_lcd.o(.constdata)
    ASCII8x8_Table                           0x0800abbc   Data        1536  stm32f4_lcd.o(.constdata)
    __mathlib_zero                           0x0800b2d8   Data           8  qnan.o(.constdata)
    __ctype_categories                       0x0800b3d0   Data          64  ctype_c.o(.constdata)
    Region$$Table$$Base                      0x0800b410   Number         0  anon$$obj.o(Region$$Table)
    Region$$Table$$Limit                     0x0800b430   Number         0  anon$$obj.o(Region$$Table)
    SystemCoreClock                          0x20000004   Data           4  system_stm32f4xx.o(.data)
    AHBPrescTable                            0x20000008   Data          16  system_stm32f4xx.o(.data)
    yun_yaw_set                              0x20000028   Data           2  control.o(.data)
    yun_pitch_set                            0x2000002a   Data           2  control.o(.data)
    linear                                   0x2000002c   Data           2  control.o(.data)
    angle                                    0x2000002e   Data           2  control.o(.data)
    yun_yaw                                  0x20000030   Data           1  control.o(.data)
    yun_pitch                                0x20000031   Data           1  control.o(.data)
    connected_flag                           0x20000032   Data           1  control.o(.data)
    dir_deg                                  0x20000034   Data           4  control.o(.data)
    Dist                                     0x20000038   Data           4  control.o(.data)
    Dire                                     0x2000003c   Data           4  control.o(.data)
    velocity                                 0x20000040   Data           4  encoder.o(.data)
    GPS_Buff_ptr                             0x20000044   Data           1  gps.o(.data)
    GPS_pos_flag                             0x20000045   Data           1  gps.o(.data)
    GPS_vel_flag                             0x20000046   Data           1  gps.o(.data)
    count                                    0x20000048   Data           2  imu_adis16xxx.o(.data)
    ax                                       0x2000004a   Data           2  imu_adis16xxx.o(.data)
    ay                                       0x2000004c   Data           2  imu_adis16xxx.o(.data)
    az                                       0x2000004e   Data           2  imu_adis16xxx.o(.data)
    gx                                       0x20000050   Data           2  imu_adis16xxx.o(.data)
    gy                                       0x20000052   Data           2  imu_adis16xxx.o(.data)
    gz                                       0x20000054   Data           2  imu_adis16xxx.o(.data)
    mx                                       0x20000056   Data           2  imu_adis16xxx.o(.data)
    my                                       0x20000058   Data           2  imu_adis16xxx.o(.data)
    mz                                       0x2000005a   Data           2  imu_adis16xxx.o(.data)
    roll                                     0x2000005c   Data           4  imu_adis16xxx.o(.data)
    pitch                                    0x20000060   Data           4  imu_adis16xxx.o(.data)
    yaw                                      0x20000064   Data           4  imu_adis16xxx.o(.data)
    ggz                                      0x20000068   Data           4  imu_adis16xxx.o(.data)
    PWM_set                                  0x2000006c   Data           2  key.o(.data)
    point_now                                0x20000070   Data           8  locate.o(.data)
    twoKp                                    0x20000078   Data           4  mahonyahrs.o(.data)
    twoKi                                    0x2000007c   Data           4  mahonyahrs.o(.data)
    q0                                       0x20000080   Data           4  mahonyahrs.o(.data)
    q1                                       0x20000084   Data           4  mahonyahrs.o(.data)
    q2                                       0x20000088   Data           4  mahonyahrs.o(.data)
    q3                                       0x2000008c   Data           4  mahonyahrs.o(.data)
    integralFBx                              0x20000090   Data           4  mahonyahrs.o(.data)
    integralFBy                              0x20000094   Data           4  mahonyahrs.o(.data)
    integralFBz                              0x20000098   Data           4  mahonyahrs.o(.data)
    Font16x24                                0x2000009c   Data           8  stm32f4_lcd.o(.data)
    Font12x12                                0x200000a4   Data           8  stm32f4_lcd.o(.data)
    Font8x12                                 0x200000ac   Data           8  stm32f4_lcd.o(.data)
    Font8x8                                  0x200000b4   Data           8  stm32f4_lcd.o(.data)
    CMD_Buff_ptr                             0x200000c4   Data           1  usart.o(.data)
    CMD_flag                                 0x200000c5   Data           1  usart.o(.data)
    move_ready                               0x200000c6   Data           1  timer.o(.data)
    move_flag                                0x200000c7   Data           1  timer.o(.data)
    count_lcd                                0x200000c8   Data           1  timer.o(.data)
    count_record                             0x200000c9   Data           1  timer.o(.data)
    flag_record                              0x200000ca   Data           1  timer.o(.data)
    LCD_flag                                 0x200000cb   Data           1  timer.o(.data)
    count_encoder                            0x200000cc   Data           1  timer.o(.data)
    __stdout                                 0x200000d0   Data           4  stdout.o(.data)
    GPS_Buff                                 0x200000d8   Data         256  gps.o(.bss)
    GPSMsg                                   0x200001d8   Data          40  gps.o(.bss)
    data                                     0x20000200   Data          30  imu_adis16xxx.o(.bss)
    TIM_OCInitStructure_Globle               0x20000220   Data          20  pwm.o(.bss)
    CMD_Buff                                 0x20000234   Data          20  usart.o(.bss)
    __initial_sp                             0x20000648   Data           0  startup_stm32f4xx.o(STACK)



==============================================================================

Memory Map of the image

  Image Entry point : 0x08000189

  Load Region LR_IROM1 (Base: 0x08000000, Size: 0x0000b508, Max: 0x00100000, ABSOLUTE)

    Execution Region ER_IROM1 (Base: 0x08000000, Size: 0x0000b430, Max: 0x00100000, ABSOLUTE)

    Base Addr    Size         Type   Attr      Idx    E Section Name        Object

    0x08000000   0x00000188   Data   RO          859    RESET               startup_stm32f4xx.o
    0x08000188   0x00000000   Code   RO         1311  * .ARM.Collect$$$$00000000  mc_w.l(entry.o)
    0x08000188   0x00000004   Code   RO         1644    .ARM.Collect$$$$00000001  mc_w.l(entry2.o)
    0x0800018c   0x00000004   Code   RO         1647    .ARM.Collect$$$$00000004  mc_w.l(entry5.o)
    0x08000190   0x00000000   Code   RO         1649    .ARM.Collect$$$$00000008  mc_w.l(entry7b.o)
    0x08000190   0x00000008   Code   RO         1650    .ARM.Collect$$$$00000009  mc_w.l(entry8.o)
    0x08000198   0x00000004   Code   RO         1645    .ARM.Collect$$$$00002712  mc_w.l(entry2.o)
    0x0800019c   0x00000148   Code   RO            3    .text               main.o
    0x080002e4   0x00000028   Code   RO          183    .text               stm32f4xx_it.o
    0x0800030c   0x000001fc   Code   RO          211    .text               system_stm32f4xx.o
    0x08000508   0x000000e4   Code   RO          237    .text               misc.o
    0x080005ec   0x00000462   Code   RO          257    .text               stm32f4xx_adc.o
    0x08000a4e   0x00000002   PAD
    0x08000a50   0x0000011c   Code   RO          477    .text               stm32f4xx_exti.o
    0x08000b6c   0x00000620   Code   RO          517    .text               stm32f4xx_fsmc.o
    0x0800118c   0x0000024c   Code   RO          537    .text               stm32f4xx_gpio.o
    0x080013d8   0x00000578   Code   RO          677    .text               stm32f4xx_rcc.o
    0x08001950   0x00000400   Code   RO          759    .text               stm32f4xx_spi.o
    0x08001d50   0x0000008c   Code   RO          779    .text               stm32f4xx_syscfg.o
    0x08001ddc   0x00000c70   Code   RO          799    .text               stm32f4xx_tim.o
    0x08002a4c   0x00000422   Code   RO          819    .text               stm32f4xx_usart.o
    0x08002e6e   0x00000002   PAD
    0x08002e70   0x00000024   Code   RO          860    .text               startup_stm32f4xx.o
    0x08002e94   0x00000090   Code   RO          866    .text               ad.o
    0x08002f24   0x000000dc   Code   RO          886    .text               control.o
    0x08003000   0x00000058   Code   RO          920    .text               crc_gps.o
    0x08003058   0x00000340   Code   RO          943    .text               display.o
    0x08003398   0x000000d4   Code   RO          971    .text               encoder.o
    0x0800346c   0x00000288   Code   RO          997    .text               gps.o
    0x080036f4   0x0000061c   Code   RO         1027    .text               imu_adis16xxx.o
    0x08003d10   0x00000200   Code   RO         1058    .text               key.o
    0x08003f10   0x0000017c   Code   RO         1085    .text               locate.o
    0x0800408c   0x000009a4   Code   RO         1109    .text               mahonyahrs.o
    0x08004a30   0x000001ac   Code   RO         1129    .text               pwm.o
    0x08004bdc   0x00000f74   Code   RO         1152    .text               stm32f4_lcd.o
    0x08005b50   0x00000228   Code   RO         1202    .text               usart.o
    0x08005d78   0x00000130   Code   RO         1227    .text               timer.o
    0x08005ea8   0x00000024   Code   RO         1314    .text               mc_w.l(memcpya.o)
    0x08005ecc   0x00000038   Code   RO         1579    .text               mc_w.l(__0sscanf.o)
    0x08005f04   0x00000150   Code   RO         1581    .text               mc_w.l(_scanf_int.o)
    0x08006054   0x0000014c   Code   RO         1583    .text               mf_w.l(dadd.o)
    0x080061a0   0x000000e0   Code   RO         1585    .text               mf_w.l(dmul.o)
    0x08006280   0x000000de   Code   RO         1587    .text               mf_w.l(ddiv.o)
    0x0800635e   0x00000022   Code   RO         1591    .text               mf_w.l(dflti.o)
    0x08006380   0x0000001a   Code   RO         1593    .text               mf_w.l(dfltui.o)
    0x0800639a   0x0000002c   Code   RO         1595    .text               mf_w.l(f2d.o)
    0x080063c6   0x00000002   PAD
    0x080063c8   0x00000028   Code   RO         1597    .text               mf_w.l(cdcmple.o)
    0x080063f0   0x00000028   Code   RO         1599    .text               mf_w.l(cdrcmple.o)
    0x08006418   0x00000038   Code   RO         1601    .text               mf_w.l(d2f.o)
    0x08006450   0x0000002c   Code   RO         1652    .text               mc_w.l(uidiv.o)
    0x0800647c   0x00000062   Code   RO         1654    .text               mc_w.l(uldiv.o)
    0x080064de   0x0000001e   Code   RO         1656    .text               mc_w.l(llshl.o)
    0x080064fc   0x00000024   Code   RO         1658    .text               mc_w.l(llsshr.o)
    0x08006520   0x0000001c   Code   RO         1667    .text               mc_w.l(_chval.o)
    0x0800653c   0x0000002c   Code   RO         1669    .text               mc_w.l(scanf_char.o)
    0x08006568   0x00000040   Code   RO         1671    .text               mc_w.l(_sgetc.o)
    0x080065a8   0x00000000   Code   RO         1673    .text               mc_w.l(iusefp.o)
    0x080065a8   0x0000006c   Code   RO         1674    .text               mf_w.l(fepilogue.o)
    0x08006614   0x000000be   Code   RO         1676    .text               mf_w.l(depilogue.o)
    0x080066d2   0x000000a2   Code   RO         1678    .text               mf_w.l(dsqrt.o)
    0x08006774   0x00000030   Code   RO         1680    .text               mf_w.l(dfixul.o)
    0x080067a4   0x00000024   Code   RO         1682    .text               mc_w.l(init.o)
    0x080067c8   0x00000020   Code   RO         1684    .text               mc_w.l(llushr.o)
    0x080067e8   0x0000000a   Code   RO         1686    .text               mc_w.l(isspace_c.o)
    0x080067f2   0x00000002   PAD
    0x080067f4   0x00000324   Code   RO         1688    .text               mc_w.l(_scanf.o)
    0x08006b18   0x0000003e   Code   RO         1690    .text               mf_w.l(dfixi.o)
    0x08006b56   0x00000002   PAD
    0x08006b58   0x00000028   Code   RO         1692    .text               mc_w.l(ctype_c.o)
    0x08006b80   0x00000020   Code   RO         1551    i.__0printf         mc_w.l(printfa.o)
    0x08006ba0   0x00000028   Code   RO         1553    i.__0sprintf        mc_w.l(printfa.o)
    0x08006bc8   0x00000030   Code   RO         1628    i.__ARM_fpclassify  m_wm.l(fpclassify.o)
    0x08006bf8   0x00000370   Code   RO         1249    i.__hardfp_asin     m_wm.l(asin.o)
    0x08006f68   0x000002e8   Code   RO         1603    i.__hardfp_atan     m_wm.l(atan.o)
    0x08007250   0x000001e8   Code   RO         1263    i.__hardfp_atan2    m_wm.l(atan2.o)
    0x08007438   0x000000d8   Code   RO         1275    i.__hardfp_cos      m_wm.l(cos.o)
    0x08007510   0x000000d8   Code   RO         1287    i.__hardfp_sin      m_wm.l(sin.o)
    0x080075e8   0x00000078   Code   RO         1299    i.__hardfp_sqrt     m_wm.l(sqrt.o)
    0x08007660   0x00000450   Code   RO         1633    i.__ieee754_rem_pio2  m_wm.l(rred.o)
    0x08007ab0   0x00000170   Code   RO         1617    i.__kernel_cos      m_wm.l(cos_i.o)
    0x08007c20   0x000000f8   Code   RO         1630    i.__kernel_poly     m_wm.l(poly.o)
    0x08007d18   0x00000130   Code   RO         1638    i.__kernel_sin      m_wm.l(sin_i.o)
    0x08007e48   0x00000020   Code   RO         1620    i.__mathlib_dbl_underflow  m_wm.l(dunder.o)
    0x08007e68   0x0000000e   Code   RO         1697    i.__scatterload_copy  mc_w.l(handlers.o)
    0x08007e76   0x00000002   Code   RO         1698    i.__scatterload_null  mc_w.l(handlers.o)
    0x08007e78   0x0000000e   Code   RO         1699    i.__scatterload_zeroinit  mc_w.l(handlers.o)
    0x08007e86   0x00000002   PAD
    0x08007e88   0x0000000c   Code   RO         1662    i.__set_errno       mc_w.l(errno.o)
    0x08007e94   0x00000158   Code   RO         1558    i._fp_digits        mc_w.l(printfa.o)
    0x08007fec   0x00000704   Code   RO         1559    i._printf_core      mc_w.l(printfa.o)
    0x080086f0   0x00000026   Code   RO         1560    i._printf_post_padding  mc_w.l(printfa.o)
    0x08008716   0x00000030   Code   RO         1561    i._printf_pre_padding  mc_w.l(printfa.o)
    0x08008746   0x0000000a   Code   RO         1563    i._sputc            mc_w.l(printfa.o)
    0x08008750   0x00000010   Code   RO         1605    i.atan              m_wm.l(atan.o)
    0x08008760   0x00000020   Code   RO         1624    i.fabs              m_wm.l(fabs.o)
    0x08008780   0x0000006c   Code   RO         1301    i.sqrt              m_wm.l(sqrt.o)
    0x080087ec   0x000029d0   Data   RO         1153    .constdata          stm32f4_lcd.o
    0x0800b1bc   0x00000004   PAD
    0x0800b1c0   0x00000050   Data   RO         1252    .constdata          m_wm.l(asin.o)
    0x0800b210   0x00000098   Data   RO         1606    .constdata          m_wm.l(atan.o)
    0x0800b2a8   0x00000030   Data   RO         1618    .constdata          m_wm.l(cos_i.o)
    0x0800b2d8   0x00000008   Data   RO         1632    .constdata          m_wm.l(qnan.o)
    0x0800b2e0   0x000000c8   Data   RO         1635    .constdata          m_wm.l(rred.o)
    0x0800b3a8   0x00000028   Data   RO         1639    .constdata          m_wm.l(sin_i.o)
    0x0800b3d0   0x00000040   Data   RO         1693    .constdata          mc_w.l(ctype_c.o)
    0x0800b410   0x00000020   Data   RO         1695    Region$$Table       anon$$obj.o


    Execution Region RW_IRAM1 (Base: 0x20000000, Size: 0x00000648, Max: 0x00020000, ABSOLUTE)

    Base Addr    Size         Type   Attr      Idx    E Section Name        Object

    0x20000000   0x00000004   Data   RW            4    .data               main.o
    0x20000004   0x00000014   Data   RW          212    .data               system_stm32f4xx.o
    0x20000018   0x00000010   Data   RW          678    .data               stm32f4xx_rcc.o
    0x20000028   0x00000018   Data   RW          887    .data               control.o
    0x20000040   0x00000004   Data   RW          972    .data               encoder.o
    0x20000044   0x00000003   Data   RW          999    .data               gps.o
    0x20000047   0x00000001   PAD
    0x20000048   0x00000024   Data   RW         1029    .data               imu_adis16xxx.o
    0x2000006c   0x00000002   Data   RW         1059    .data               key.o
    0x2000006e   0x00000002   PAD
    0x20000070   0x00000008   Data   RW         1086    .data               locate.o
    0x20000078   0x00000024   Data   RW         1110    .data               mahonyahrs.o
    0x2000009c   0x00000028   Data   RW         1154    .data               stm32f4_lcd.o
    0x200000c4   0x00000002   Data   RW         1204    .data               usart.o
    0x200000c6   0x00000007   Data   RW         1228    .data               timer.o
    0x200000cd   0x00000003   PAD
    0x200000d0   0x00000004   Data   RW         1651    .data               mc_w.l(stdout.o)
    0x200000d4   0x00000004   Data   RW         1663    .data               mc_w.l(errno.o)
    0x200000d8   0x00000128   Zero   RW          998    .bss                gps.o
    0x20000200   0x0000001e   Zero   RW         1028    .bss                imu_adis16xxx.o
    0x2000021e   0x00000002   PAD
    0x20000220   0x00000014   Zero   RW         1130    .bss                pwm.o
    0x20000234   0x00000014   Zero   RW         1203    .bss                usart.o
    0x20000248   0x00000400   Zero   RW          857    STACK               startup_stm32f4xx.o


==============================================================================

Image component sizes


      Code (inc. data)   RO Data    RW Data    ZI Data      Debug   Object Name

       144          8          0          0          0        750   ad.o
       220         24          0         24          0       1861   control.o
        88          4          0          0          0        889   crc_gps.o
       832        252          0          0          0        646   display.o
       212         10          0          4          0        996   encoder.o
       648        104          0          3        296       2073   gps.o
      1564         94          0         36         30       3925   imu_adis16xxx.o
       512         24          0          2          0      28108   key.o
       380         20          0          8          0        996   locate.o
      2468        110          0         36          0       4261   mahonyahrs.o
       328         66          0          4          0     321349   main.o
       228         22          0          0          0       1873   misc.o
       428         22          0          0         20       1748   pwm.o
        36          8        392          0       1024        788   startup_stm32f4xx.o
      3956         62      10704         40          0      13872   stm32f4_lcd.o
      1122         30          0          0          0      10706   stm32f4xx_adc.o
       284         10          0          0          0       2379   stm32f4xx_exti.o
      1568         58          0          0          0       5499   stm32f4xx_fsmc.o
       588         36          0          0          0       4161   stm32f4xx_gpio.o
        40          0          0          0          0       1456   stm32f4xx_it.o
      1400         46          0         16          0      11075   stm32f4xx_rcc.o
      1024         20          0          0          0       6925   stm32f4xx_spi.o
       140         12          0          0          0       1695   stm32f4xx_syscfg.o
      3184         64          0          0          0      23140   stm32f4xx_tim.o
      1058         24          0          0          0       7928   stm32f4xx_usart.o
       508         44          0         20          0       1723   system_stm32f4xx.o
       304         38          0          7          0       1186   timer.o
       552         62          0          2         20       2138   usart.o

    ----------------------------------------------------------------------
     23820       1274      11132        208       1392     464146   Object Totals
         0          0         32          0          0          0   (incl. Generated)
         4          0          4          6          2          0   (incl. Padding)

    ----------------------------------------------------------------------

      Code (inc. data)   RO Data    RW Data    ZI Data      Debug   Library Member Name

       880        106         80          0          0        200   asin.o
       760        108        152          0          0        344   atan.o
       488         66          0          0          0        160   atan2.o
       216         16          0          0          0        156   cos.o
       368         46         48          0          0        204   cos_i.o
        32          8          0          0          0        124   dunder.o
        32          0          0          0          0        124   fabs.o
        48          0          0          0          0        124   fpclassify.o
       248          0          0          0          0        152   poly.o
         0          0          8          0          0          0   qnan.o
      1104        142        200          0          0        188   rred.o
       216         16          0          0          0        156   sin.o
       304         24         40          0          0        208   sin_i.o
       228          0          0          0          0        296   sqrt.o
        56          8          0          0          0         84   __0sscanf.o
        28          0          0          0          0         68   _chval.o
       804          4          0          0          0        116   _scanf.o
       336          0          0          0          0         96   _scanf_int.o
        64          0          0          0          0         84   _sgetc.o
        40          6         64          0          0         68   ctype_c.o
         0          0          0          0          0          0   entry.o
         8          4          0          0          0          0   entry2.o
         4          0          0          0          0          0   entry5.o
         0          0          0          0          0          0   entry7b.o
         8          4          0          0          0          0   entry8.o
        12          6          0          4          0         68   errno.o
        30          0          0          0          0          0   handlers.o
        36          8          0          0          0         68   init.o
        10          0          0          0          0         68   isspace_c.o
         0          0          0          0          0          0   iusefp.o
        30          0          0          0          0         68   llshl.o
        36          0          0          0          0         68   llsshr.o
        32          0          0          0          0         68   llushr.o
        36          0          0          0          0         68   memcpya.o
      2308         94          0          0          0        596   printfa.o
        44         10          0          0          0         84   scanf_char.o
         0          0          0          4          0          0   stdout.o
        44          0          0          0          0         80   uidiv.o
        98          0          0          0          0         92   uldiv.o
        40          2          0          0          0         68   cdcmple.o
        40          2          0          0          0         68   cdrcmple.o
        56          0          0          0          0         88   d2f.o
       332          0          0          0          0        148   dadd.o
       222          0          0          0          0        100   ddiv.o
       190          0          0          0          0        176   depilogue.o
        62          0          0          0          0         80   dfixi.o
        48          0          0          0          0         68   dfixul.o
        34          0          0          0          0         76   dflti.o
        26          0          0          0          0         76   dfltui.o
       224          0          0          0          0         96   dmul.o
       162          0          0          0          0        100   dsqrt.o
        44          0          0          0          0         68   f2d.o
       108          0          0          0          0        168   fepilogue.o

    ----------------------------------------------------------------------
     10584        680        592          8          0       5660   Library Totals
         8          0          0          0          0          0   (incl. Padding)

    ----------------------------------------------------------------------

      Code (inc. data)   RO Data    RW Data    ZI Data      Debug   Library Name

      4924        532        528          0          0       2436   m_wm.l
      4064        144         64          8          0       1844   mc_w.l
      1588          4          0          0          0       1380   mf_w.l

    ----------------------------------------------------------------------
     10584        680        592          8          0       5660   Library Totals

    ----------------------------------------------------------------------

==============================================================================


      Code (inc. data)   RO Data    RW Data    ZI Data      Debug   

     34404       1954      11724        216       1392     460638   Grand Totals
     34404       1954      11724        216       1392     460638   ELF Image Totals
     34404       1954      11724        216          0          0   ROM Totals

==============================================================================

    Total RO  Size (Code + RO Data)                46128 (  45.05kB)
    Total RW  Size (RW Data + ZI Data)              1608 (   1.57kB)
    Total ROM Size (Code + RO Data + RW Data)      46344 (  45.26kB)

==============================================================================

